../Drivers/STM32F4xx_HAL_Driver/Src/stm32f4xx_hal_rtc_ex.c:186:19:HAL_RTCEx_SetTimeStamp	8	static
../Drivers/STM32F4xx_HAL_Driver/Src/stm32f4xx_hal_rtc_ex.c:258:19:HAL_RTCEx_SetTimeStamp_IT	8	static
../Drivers/STM32F4xx_HAL_Driver/Src/stm32f4xx_hal_rtc_ex.c:321:19:HAL_RTCEx_DeactivateTimeStamp	0	static
../Drivers/STM32F4xx_HAL_Driver/Src/stm32f4xx_hal_rtc_ex.c:365:19:HAL_RTCEx_GetTimeStamp	24	static
../Drivers/STM32F4xx_HAL_Driver/Src/stm32f4xx_hal_rtc_ex.c:418:19:HAL_RTCEx_SetTamper	12	static
../Drivers/STM32F4xx_HAL_Driver/Src/stm32f4xx_hal_rtc_ex.c:495:19:HAL_RTCEx_SetTamper_IT	12	static
../Drivers/STM32F4xx_HAL_Driver/Src/stm32f4xx_hal_rtc_ex.c:580:19:HAL_RTCEx_DeactivateTamper	0	static
../Drivers/STM32F4xx_HAL_Driver/Src/stm32f4xx_hal_rtc_ex.c:677:13:HAL_RTCEx_TimeStampEventCallback	0	static
../Drivers/STM32F4xx_HAL_Driver/Src/stm32f4xx_hal_rtc_ex.c:693:13:HAL_RTCEx_Tamper1EventCallback	0	static
../Drivers/STM32F4xx_HAL_Driver/Src/stm32f4xx_hal_rtc_ex.c:606:6:HAL_RTCEx_TamperTimeStampIRQHandler	8	static
../Drivers/STM32F4xx_HAL_Driver/Src/stm32f4xx_hal_rtc_ex.c:728:19:HAL_RTCEx_PollForTimeStampEvent	16	static
../Drivers/STM32F4xx_HAL_Driver/Src/stm32f4xx_hal_rtc_ex.c:771:19:HAL_RTCEx_PollForTamper1Event	16	static
../Drivers/STM32F4xx_HAL_Driver/Src/stm32f4xx_hal_rtc_ex.c:864:19:HAL_RTCEx_SetWakeUpTimer	24	static
../Drivers/STM32F4xx_HAL_Driver/Src/stm32f4xx_hal_rtc_ex.c:960:19:HAL_RTCEx_SetWakeUpTimer_IT	24	static
../Drivers/STM32F4xx_HAL_Driver/Src/stm32f4xx_hal_rtc_ex.c:1059:19:HAL_RTCEx_DeactivateWakeUpTimer	16	static
../Drivers/STM32F4xx_HAL_Driver/Src/stm32f4xx_hal_rtc_ex.c:1114:10:HAL_RTCEx_GetWakeUpTimer	0	static
../Drivers/STM32F4xx_HAL_Driver/Src/stm32f4xx_hal_rtc_ex.c:1160:13:HAL_RTCEx_WakeUpTimerEventCallback	0	static
../Drivers/STM32F4xx_HAL_Driver/Src/stm32f4xx_hal_rtc_ex.c:1131:6:HAL_RTCEx_WakeUpTimerIRQHandler	8	static
../Drivers/STM32F4xx_HAL_Driver/Src/stm32f4xx_hal_rtc_ex.c:1177:19:HAL_RTCEx_PollForWakeUpTimerEvent	16	static
../Drivers/STM32F4xx_HAL_Driver/Src/stm32f4xx_hal_rtc_ex.c:1245:6:HAL_RTCEx_BKUPWrite	0	static
../Drivers/STM32F4xx_HAL_Driver/Src/stm32f4xx_hal_rtc_ex.c:1268:10:HAL_RTCEx_BKUPRead	0	static
../Drivers/STM32F4xx_HAL_Driver/Src/stm32f4xx_hal_rtc_ex.c:1299:19:HAL_RTCEx_SetCoarseCalib	24	static
../Drivers/STM32F4xx_HAL_Driver/Src/stm32f4xx_hal_rtc_ex.c:1350:19:HAL_RTCEx_DeactivateCoarseCalib	16	static
../Drivers/STM32F4xx_HAL_Driver/Src/stm32f4xx_hal_rtc_ex.c:1408:19:HAL_RTCEx_SetSmoothCalib	24	static
../Drivers/STM32F4xx_HAL_Driver/Src/stm32f4xx_hal_rtc_ex.c:1480:19:HAL_RTCEx_SetSynchroShift	24	static
../Drivers/STM32F4xx_HAL_Driver/Src/stm32f4xx_hal_rtc_ex.c:1575:19:HAL_RTCEx_SetCalibrationOutPut	0	static
../Drivers/STM32F4xx_HAL_Driver/Src/stm32f4xx_hal_rtc_ex.c:1614:19:HAL_RTCEx_DeactivateCalibrationOutPut	0	static
../Drivers/STM32F4xx_HAL_Driver/Src/stm32f4xx_hal_rtc_ex.c:1644:19:HAL_RTCEx_SetRefClock	16	static
../Drivers/STM32F4xx_HAL_Driver/Src/stm32f4xx_hal_rtc_ex.c:1688:19:HAL_RTCEx_DeactivateRefClock	16	static
../Drivers/STM32F4xx_HAL_Driver/Src/stm32f4xx_hal_rtc_ex.c:1734:19:HAL_RTCEx_EnableBypassShadow	0	static
../Drivers/STM32F4xx_HAL_Driver/Src/stm32f4xx_hal_rtc_ex.c:1767:19:HAL_RTCEx_DisableBypassShadow	0	static
../Drivers/STM32F4xx_HAL_Driver/Src/stm32f4xx_hal_rtc_ex.c:1817:13:HAL_RTCEx_AlarmBEventCallback	0	static
../Drivers/STM32F4xx_HAL_Driver/Src/stm32f4xx_hal_rtc_ex.c:1834:19:HAL_RTCEx_PollForAlarmBEvent	16	static
