../Drivers/STM32F4xx_HAL_Driver/Src/stm32f4xx_hal_rtc.c:629:13:HAL_RTC_MspInit	0	static
../Drivers/STM32F4xx_HAL_Driver/Src/stm32f4xx_hal_rtc.c:645:13:HAL_RTC_MspDeInit	0	static
../Drivers/STM32F4xx_HAL_Driver/Src/stm32f4xx_hal_rtc.c:1381:19:HAL_RTC_DeactivateAlarm	16	static
../Drivers/STM32F4xx_HAL_Driver/Src/stm32f4xx_hal_rtc.c:1581:13:HAL_RTC_AlarmAEventCallback	0	static
../Drivers/STM32F4xx_HAL_Driver/Src/stm32f4xx_hal_rtc.c:1530:6:HAL_RTC_AlarmIRQHandler	8	static
../Drivers/STM32F4xx_HAL_Driver/Src/stm32f4xx_hal_rtc.c:1598:19:HAL_RTC_PollForAlarmAEvent	16	static
../Drivers/STM32F4xx_HAL_Driver/Src/stm32f4xx_hal_rtc.c:1662:19:HAL_RTC_WaitForSynchro	16	static
../Drivers/STM32F4xx_HAL_Driver/Src/stm32f4xx_hal_rtc.c:1691:6:HAL_RTC_DST_Add1Hour	0	static
../Drivers/STM32F4xx_HAL_Driver/Src/stm32f4xx_hal_rtc.c:1705:6:HAL_RTC_DST_Sub1Hour	0	static
../Drivers/STM32F4xx_HAL_Driver/Src/stm32f4xx_hal_rtc.c:1719:6:HAL_RTC_DST_SetStoreOperation	0	static
../Drivers/STM32F4xx_HAL_Driver/Src/stm32f4xx_hal_rtc.c:1732:6:HAL_RTC_DST_ClearStoreOperation	0	static
../Drivers/STM32F4xx_HAL_Driver/Src/stm32f4xx_hal_rtc.c:1744:10:HAL_RTC_DST_ReadStoreOperation	0	static
../Drivers/STM32F4xx_HAL_Driver/Src/stm32f4xx_hal_rtc.c:1773:21:HAL_RTC_GetState	0	static
../Drivers/STM32F4xx_HAL_Driver/Src/stm32f4xx_hal_rtc.c:1799:19:RTC_EnterInitMode	24	static
../Drivers/STM32F4xx_HAL_Driver/Src/stm32f4xx_hal_rtc.c:1834:19:RTC_ExitInitMode	8	static
../Drivers/STM32F4xx_HAL_Driver/Src/stm32f4xx_hal_rtc.c:249:19:HAL_RTC_Init	8	static
../Drivers/STM32F4xx_HAL_Driver/Src/stm32f4xx_hal_rtc.c:351:19:HAL_RTC_DeInit	16	static
../Drivers/STM32F4xx_HAL_Driver/Src/stm32f4xx_hal_rtc.c:1860:9:RTC_ByteToBcd2	0	static
../Drivers/STM32F4xx_HAL_Driver/Src/stm32f4xx_hal_rtc.c:686:19:HAL_RTC_SetTime	32	static
../Drivers/STM32F4xx_HAL_Driver/Src/stm32f4xx_hal_rtc.c:845:19:HAL_RTC_SetDate	24	static
../Drivers/STM32F4xx_HAL_Driver/Src/stm32f4xx_hal_rtc.c:992:19:HAL_RTC_SetAlarm	40	static
../Drivers/STM32F4xx_HAL_Driver/Src/stm32f4xx_hal_rtc.c:1189:19:HAL_RTC_SetAlarm_IT	48	static
../Drivers/STM32F4xx_HAL_Driver/Src/stm32f4xx_hal_rtc.c:1878:9:RTC_Bcd2ToByte	0	static
../Drivers/STM32F4xx_HAL_Driver/Src/stm32f4xx_hal_rtc.c:800:19:HAL_RTC_GetTime	16	static
../Drivers/STM32F4xx_HAL_Driver/Src/stm32f4xx_hal_rtc.c:934:19:HAL_RTC_GetDate	16	static
../Drivers/STM32F4xx_HAL_Driver/Src/stm32f4xx_hal_rtc.c:1479:19:HAL_RTC_GetAlarm	24	static
