../Drivers/CMSIS/Include/cmsis_gcc.h:129:27:__enable_irq	0	static,ignoring_inline_asm
../Drivers/CMSIS/Include/cmsis_gcc.h:140:27:__disable_irq	0	static,ignoring_inline_asm
../Src/driver.c:450:13:stepperEnable	0	static
../Src/driver.c:483:13:stepperWakeUp	8	static
../Src/driver.c:493:13:stepperGoIdle	0	static
../Src/driver.c:500:13:stepperCyclesPerTick	0	static
../Src/driver.c:730:13:stepperPulseStart	8	static
../Src/driver.c:887:31:limitsGetState	8	static
../Src/driver.c:965:26:systemGetState	0	static
../Src/driver.c:1016:13:probeConfigure	0	static
../Src/driver.c:1024:15:probeGetState	0	static
../Src/driver.c:1047:20:spindle_on	0	static
../Src/driver.c:1316:24:spindleGetState	0	static
../Src/driver.c:1340:13:coolantSetState	0	static
../Src/driver.c:1350:24:coolantGetState	0	static
../Src/driver.c:1364:13:bitsSetAtomic	0	static,ignoring_inline_asm
../Src/driver.c:1371:22:bitsClearAtomic	0	static,ignoring_inline_asm
../Src/driver.c:1380:22:valueSetAtomic	0	static,ignoring_inline_asm
../Src/driver.c:1404:17:getElapsedTicks	0	static
../Src/driver.c:1677:14:port2char	0	static
../Src/driver.c:1686:13:enumeratePins	32	static
../Src/driver.c:1753:6:setPeriphPinDescription	8	static
../Src/driver.c:1143:6:spindleConfig	72	static
../Src/driver.c:1112:22:spindleGetPWM	0	static
../Src/driver.c:1733:6:registerPeriphPin	16	static
D:/System/GoogleDrive/Open Hardware/STM32F401CCU6_UNI/GRBL_STM32F401CCU6_UNI/grbl/motor_pins.h:783:13:motor_iterator	16	static
../Src/driver.c:876:13:limitsEnable	0	static
../Src/driver.c:1410:6:settings_changed	96	static
../Src/driver.c:435:13:driver_delay	16	static
../Src/driver.c:753:13:stepperPulseStartDelayed	8	static
../Src/driver.c:1767:13:driver_setup	96	static
../Src/driver.c:1065:13:spindleSetState	0	static
../Src/driver.c:1082:13:spindle_set_speed	8	static
../Src/driver.c:1118:13:spindleSetStateVariable	8	static
../Src/driver.c:2041:6:driver_init	40	static
../Src/driver.c:2280:6:TIM5_IRQHandler	0	static
../Src/driver.c:2307:6:TIM4_IRQHandler	8	static
../Src/driver.c:2322:6:TIM1_BRK_TIM9_IRQHandler	16	static
../Src/driver.c:2426:6:EXTI1_IRQHandler	16	static
../Src/driver.c:2458:6:EXTI2_IRQHandler	16	static
../Src/driver.c:2490:6:EXTI3_IRQHandler	8	static
../Src/driver.c:2564:6:EXTI9_5_IRQHandler	8	static
../Src/driver.c:2612:6:EXTI15_10_IRQHandler	16	static
../Src/driver.c:2670:6:Driver_IncTick	16	static
