../Src/serial.c:111:17:serialRxFree	0	static
../Src/serial.c:121:17:serialRxCount	0	static
../Src/serial.c:131:13:serialRxFlush	0	static
../Src/serial.c:139:13:serialRxCancel	0	static
../Src/serial.c:149:13:serialPutC	24	static
../Src/serial.c:167:13:serialWriteS	8	static
../Src/serial.c:178:13:serialWrite	16	static
../Src/serial.c:189:13:serialTxFlush	0	static
../Src/serial.c:198:17:serialTxCount	0	static
../Src/serial.c:208:16:serialGetC	0	static
../Src/serial.c:245:13:serialEnqueueRtCommand	0	static
../Src/serial.c:250:37:serialSetRtHandler	0	static
../Src/serial.c:226:13:serialSetBaudRate	48	static
../Src/serial.c:260:20:serialInit	56	static
../Src/serial.c:221:13:serialSuspendInput	0	static
../Src/serial.c:235:13:serialDisable	0	static
../Src/serial.c:98:6:serialRegisterStreams	0	static
../Src/serial.c:398:6:USART1_IRQHandler	16	static
