../Src/usb_serial.c:43:17:usbRxFree	0	static
../Src/usb_serial.c:53:13:usbRxFlush	0	static
../Src/usb_serial.c:61:13:usbRxCancel	0	static
../Src/usb_serial.c:180:16:usbGetC	0	static
../Src/usb_serial.c:198:13:usbEnqueueRtCommand	0	static
../Src/usb_serial.c:203:37:usbSetRtHandler	0	static
../Src/usb_serial.c:99:13:usbPutC	16	static
../Src/usb_serial.c:193:13:usbSuspendInput	0	static
../Src/usb_serial.c:71:20:usb_write	16	static
../Src/usb_serial.c:117:13:usbWriteS	16	static
../Src/usb_serial.c:150:13:usbWrite	16	static
../Src/usb_serial.c:215:20:usbInit	8	static
../Src/usb_serial.c:241:6:usbBufferInput	24	static
