../grbl/ngc_params.c:85:14:probe_coord	0	static
../grbl/ngc_params.c:100:14:probe_result	0	static
../grbl/ngc_params.c:112:14:m66_result	0	static
../grbl/ngc_params.c:117:14:tool_number	0	static
../grbl/ngc_params.c:122:14:tool_offset	0	static
../grbl/ngc_params.c:159:14:coord_system	0	static
../grbl/ngc_params.c:178:14:g92_offset_applied	0	static
../grbl/ngc_params.c:183:14:g92_offset	0	static
../grbl/ngc_params.c:164:14:coord_system_offset	32	static
../grbl/ngc_params.c:141:14:g30_home	32	static
../grbl/ngc_params.c:129:14:g28_home	32	static
../grbl/ngc_params.c:92:14:scaling_factors	8	static
../grbl/ngc_params.c:69:14:_relative_pos.part.0	16	static
../grbl/ngc_params.c:190:14:work_position	0	static
../grbl/ngc_params.c:225:6:ngc_param_get	16	static
../grbl/ngc_params.c:250:6:ngc_param_is_rw	0	static
../grbl/ngc_params.c:255:6:ngc_param_exists	0	static
../grbl/ngc_params.c:260:6:ngc_param_set	32	static
../grbl/ngc_params.c:345:7:ngc_named_param_get_by_id	0	static
../grbl/ngc_params.c:529:6:ngc_named_param_get	32	static
../grbl/ngc_params.c:560:6:ngc_named_param_exists	24	static
../grbl/ngc_params.c:597:6:ngc_named_param_set	32	static
