../grbl/nvs_buffer.c:111:23:ram_get_byte	0	static
../grbl/nvs_buffer.c:116:20:ram_put_byte	8	static
../grbl/nvs_buffer.c:200:13:nvs_warning	0	static
../grbl/nvs_buffer.c:187:30:memcpy_from_ram	24	static
../grbl/nvs_buffer.c:124:30:memcpy_to_ram	48	static
../grbl/nvs_buffer.c:206:6:nvs_buffer_alloc	8	static
../grbl/nvs_buffer.c:226:6:nvs_buffer_init	24	static
../grbl/nvs_buffer.c:271:15:nvs_alloc	16	static
../grbl/nvs_buffer.c:299:6:nvs_buffer_sync_physical	40	static
../grbl/nvs_buffer.c:216:6:nvs_buffer_free	8	static
../grbl/nvs_buffer.c:369:11:nvs_buffer_get_physical	0	static
