../grbl/planner.c:383:21:limit_acceleration_by_axis_maximum	0	static
../grbl/planner.c:198:20:plan_cleanup	16	static
../grbl/planner.c:124:13:planner_recalculate	32	static
../grbl/planner.c:239:15:plan_get_buffer_size	0	static
../grbl/planner.c:244:6:plan_reset	24	static
../grbl/planner.c:299:6:plan_discard_current_block	16	static
../grbl/planner.c:312:15:plan_get_system_motion_block	0	static
../grbl/planner.c:319:15:plan_get_current_block	0	static
../grbl/planner.c:325:14:plan_get_exec_block_exit_speed_sqr	0	static
../grbl/planner.c:333:6:plan_check_full_buffer	0	static
../grbl/planner.c:341:7:plan_compute_profile_nominal_speed	16	static
../grbl/planner.c:371:6:plan_update_velocity_profile_parameters	24	static
../grbl/planner.c:424:6:plan_buffer_line	128	static
../grbl/planner.c:588:8:plan_get_position	8	static
../grbl/planner.c:604:6:plan_sync_position	8	static
../grbl/planner.c:614:15:plan_get_block_buffer_available	0	static
../grbl/planner.c:624:6:plan_cycle_reinitialize	8	static
../grbl/planner.c:633:6:plan_feed_override	8	static
