../grbl/report.c:194:21:axis_signals_tostring	0	static
../grbl/report.c:214:21:control_signals_tostring	8	static
../grbl/report.c:315:16:report_feedback_message	16	static
../grbl/report.c:429:12:cmp_settings	0	static
../grbl/report.c:679:20:is_g92_active	0	static
../grbl/report.c:1433:13:write_quoted	16	static
../grbl/report.c:1830:12:cmp_alarms	0	static
../grbl/report.c:1890:12:cmp_errors	0	static
../grbl/report.c:181:14:get_rate_value_mm	0	static
../grbl/report.c:187:14:get_rate_value_inch	0	static
../grbl/report.c:1835:13:print_alarm	16	static
../grbl/report.c:1895:13:print_error	16	static
../grbl/report.c:2093:13:report_pin	16	static
../grbl/report.c:2116:13:print_uito2a	16	static
../grbl/report.c:127:14:get_axis_values_mm	32	static
../grbl/report.c:146:14:get_axis_values_inches	32	static
../grbl/report.c:169:14:get_axis_value_mm	8	static
../grbl/report.c:175:14:get_axis_value_inches	8	static
../grbl/report.c:113:14:map_coord_system	8	static
../grbl/report.c:93:14:appendbuf	24	static
../grbl/report.c:434:13:report_setting	16	static
../grbl/report.c:1398:13:report_bitfield	40	static
../grbl/report.c:1442:13:report_settings_detail	32	static
../grbl/report.c:1716:13:print_unsorted	16	static
../grbl/report.c:1708:13:print_sorted	8	static
../grbl/report.c:1974:12:cmp_setting_group_name	0	static
../grbl/report.c:1725:22:print_settings_details	48	static
../grbl/report.c:351:13:report_group_settings	56	static
../grbl/report.c:463:13:print_setting	16	static
../grbl/report.c:261:15:report_status_message	16	static
../grbl/report.c:1950:13:print_setting_group	16	static
../grbl/report.c:2015:14:add_limits.isra	16	static
../grbl/report.c:1969:12:cmp_setting_group_id	0	static
../grbl/report.c:240:6:report_init	0	static
../grbl/report.c:247:6:report_init_fns	0	static
../grbl/report.c:279:14:report_alarm_message	16	static
../grbl/report.c:288:6:report_message	16	static
../grbl/report.c:335:6:report_init_message	0	static
../grbl/report.c:346:6:report_grbl_help	0	static
../grbl/report.c:449:15:report_grbl_setting	16	static
../grbl/report.c:476:6:report_grbl_settings	40	static
../grbl/report.c:531:6:report_probe_parameters	32	static
../grbl/report.c:544:6:report_home_position	16	static
../grbl/report.c:554:6:report_tool_offsets	16	static
../grbl/report.c:566:15:report_ngc_parameter	24	static
../grbl/report.c:583:15:report_named_ngc_parameter	24	static
../grbl/report.c:601:6:report_ngc_parameters	56	static
../grbl/report.c:693:6:report_gcode_modes	24	static
../grbl/report.c:817:6:report_startup_line	16	static
../grbl/report.c:824:6:report_execute_startup_message	16	static
../grbl/report.c:833:6:report_build_info	128	static
../grbl/report.c:1087:6:report_echo_line_received	16	static
../grbl/report.c:1100:6:report_realtime_status	112	static
../grbl/report.c:1787:15:report_settings_details	16	static
../grbl/report.c:1807:15:report_setting_description	32	static
../grbl/report.c:1853:15:report_alarm_details	24	static
../grbl/report.c:1913:15:report_error_details	24	static
../grbl/report.c:1979:15:report_setting_group_details	24	static
../grbl/report.c:378:15:report_help	16	static
../grbl/report.c:2028:15:report_last_signals_event	16	static
../grbl/report.c:2044:15:report_current_limit_state	24	static
../grbl/report.c:2059:15:report_spindle_data	24	static
../grbl/report.c:2108:15:report_pins	8	static
../grbl/report.c:2124:15:report_time	56	static
../grbl/report.c:2145:6:report_pid_log	0	static
