../grbl/settings.c:834:22:set_probe_invert	8	static
../grbl/settings.c:845:22:set_ganged_dir_invert	8	static
../grbl/settings.c:855:22:set_stepper_deenergize_mask	8	static
../grbl/settings.c:864:22:set_report_mask	0	static
../grbl/settings.c:885:22:set_control_invert	0	static
../grbl/settings.c:892:22:set_pwm_mode	0	static
../grbl/settings.c:939:22:set_control_disable_pullup	0	static
../grbl/settings.c:946:22:set_probe_disable_pullup	0	static
../grbl/settings.c:956:22:set_soft_limits_enable	0	static
../grbl/settings.c:966:22:set_hard_limits_enable	8	static
../grbl/settings.c:977:22:set_jog_soft_limited	0	static
../grbl/settings.c:1008:22:set_enable_legacy_rt_commands	0	static
../grbl/settings.c:1056:22:set_parking_enable	0	static
../grbl/settings.c:1063:22:set_restore_overrides	0	static
../grbl/settings.c:1072:22:set_sleep_enable	0	static
../grbl/settings.c:1079:22:set_hold_actions	0	static
../grbl/settings.c:1088:22:set_g92_disable_persistence	0	static
../grbl/settings.c:1096:22:set_force_initialization_alarm	0	static
../grbl/settings.c:1103:22:set_probe_allow_feed_override	0	static
../grbl/settings.c:1125:22:set_tool_change_probing_distance	0	static
../grbl/settings.c:1135:22:set_tool_restore_pos	0	static
../grbl/settings.c:1147:22:set_rotational_axes	0	static
../grbl/settings.c:1371:17:get_int	0	static
../grbl/settings.c:1999:20:is_available	8	static
../grbl/settings.c:914:22:set_spindle_type	8	static
../grbl/settings.c:1110:22:set_tool_change_mode	8	static
../grbl/settings.c:1015:22:set_homing_cycle	8	static
../grbl/settings.c:1023:22:set_mode	8	static
../grbl/settings.c:876:22:set_report_inches	8	static
../grbl/settings.c:1523:23:get_decimal_places	16	static
../grbl/settings.c:1159:13:set_axis_setting_unit	0	static
../grbl/settings.c:2234:22:validate_value	24	static
../grbl/settings.c:899:22:set_pwm_options	0	static
../grbl/settings.c:987:22:set_homing_enable	0	static
../grbl/settings.c:1228:28:normalize_id	0	static
../grbl/settings.c:1695:13:is_setting_available	8	static
../grbl/settings.c:1922:6:settings_write_global	4	static
../grbl/settings.c:928:22:set_spindle_invert	8	static
../grbl/settings.c:2262:17:strnumentries.constprop	8	static
../grbl/settings.c:778:6:settings_override_acceleration	16	static
../grbl/settings.c:801:6:settings_register	0	static
../grbl/settings.c:807:20:settings_get_details	0	static
../grbl/settings.c:1239:14:settings_get_axis_base	8	static
../grbl/settings.c:1319:14:get_float	16	static
../grbl/settings.c:1247:22:set_axis_setting	32	static
../grbl/settings.c:1530:7:setting_get_value	16	static
../grbl/settings.c:1612:10:setting_get_int_value	0	static
../grbl/settings.c:1668:7:setting_get_float_value	0	static
../grbl/settings.c:1781:6:settings_write_build_info	4	static
../grbl/settings.c:1788:6:settings_read_build_info	16	static
../grbl/settings.c:1800:6:settings_write_startup_line	16	static
../grbl/settings.c:1813:6:settings_read_startup_line	16	static
../grbl/settings.c:1827:6:settings_write_coord_data	8	static
../grbl/settings.c:1840:6:settings_read_coord_data	16	static
../grbl/settings.c:1854:6:settings_write_tool_data	0	static
../grbl/settings.c:1869:6:settings_read_tool_data	0	static
../grbl/settings.c:1887:6:read_global_settings	24	static
../grbl/settings.c:1935:6:settings_restore	104	static
../grbl/settings.c:2009:6:settings_is_group_available	24	static
../grbl/settings.c:2004:13:is_group_available	0	static
../grbl/settings.c:2083:17:settings_normalize_group	0	static
../grbl/settings.c:2105:6:settings_iterator	32	static
../grbl/settings.c:2162:25:setting_get_details	32	static
../grbl/settings.c:2327:13:setting_remove_element	8	static
../grbl/settings.c:2188:13:setting_get_description	24	static
../grbl/settings.c:2218:31:setting_get_group_details	16	static
../grbl/settings.c:2278:20:setting_datatype_to_external	0	static
../grbl/settings.c:2294:6:setting_is_list	0	static
../grbl/settings.c:2299:6:setting_is_integer	0	static
../grbl/settings.c:2337:6:setting_remove_elements	24	static
../grbl/settings.c:2366:15:setting_validate_me	32	static
../grbl/settings.c:2427:15:setting_validate	16	static
../grbl/settings.c:2436:15:settings_store_setting	40	static
../grbl/settings.c:2549:6:settings_add_spindle_type	16	static
../grbl/settings.c:2563:6:settings_clear	0	static
../grbl/settings.c:2570:6:settings_init	24	static
