../grbl/spindle_control.c:151:13:null_set_state	0	static
../grbl/spindle_control.c:157:24:null_get_state	0	static
../grbl/spindle_control.c:163:13:null_update_pwm	0	static
../grbl/spindle_control.c:168:22:null_get_pwm	0	static
../grbl/spindle_control.c:175:13:null_update_rpm	0	static
../grbl/spindle_control.c:38:14:spindle_register	24	static
../grbl/spindle_control.c:97:23:spindle_get	0	static
../grbl/spindle_control.c:117:15:spindle_get_caps	0	static
../grbl/spindle_control.c:131:6:spindle_update_caps	0	static
../grbl/spindle_control.c:180:6:spindle_add_null	0	static
../grbl/spindle_control.c:55:6:spindle_select	80	static
../grbl/spindle_control.c:139:9:spindle_get_count	8	static
../grbl/spindle_control.c:105:14:spindle_get_current	8	static
../grbl/spindle_control.c:320:7:spindle_set_rpm	0	static
../grbl/spindle_control.c:223:13:set_state	16	static
../grbl/spindle_control.c:250:6:spindle_set_state	0	static
../grbl/spindle_control.c:289:6:spindle_restore	32	static
../grbl/spindle_control.c:257:6:spindle_sync	32	static
../grbl/spindle_control.c:201:6:spindle_set_override	16	static
../grbl/spindle_control.c:350:6:spindle_precompute_pwm_values	8	static
../grbl/spindle_control.c:379:15:spindle_compute_pwm_value	16	static
