../grbl/state_machine.c:290:13:state_noop	0	static
../grbl/state_machine.c:596:13:restart_retract	8	static
../grbl/state_machine.c:376:13:state_await_hold.part.0	24	static
../grbl/state_machine.c:376:13:state_await_hold	0	static
../grbl/state_machine.c:579:13:state_await_restart_retract	8	static
../grbl/state_machine.c:616:13:state_await_waypoint_retract	40	static
../grbl/state_machine.c:657:13:state_restore	32	static
../grbl/state_machine.c:93:6:initiate_hold	32	static
../grbl/state_machine.c:135:6:state_door_reopened	0	static
../grbl/state_machine.c:148:22:state_get	0	static
../grbl/state_machine.c:153:6:state_set	24	static
../grbl/state_machine.c:297:13:state_idle	8	static
../grbl/state_machine.c:480:13:state_await_resume	48	static
../grbl/state_machine.c:712:13:state_await_resumed	8	static
../grbl/state_machine.c:140:6:state_update	8	static
../grbl/state_machine.c:340:13:state_await_toolchanged	16	static
../grbl/state_machine.c:316:13:state_cycle	8	static
../grbl/state_machine.c:358:13:state_await_motion_cancel	16	static
../grbl/state_machine.c:253:6:state_suspend_manager	16	static
