../grbl/system.c:167:15:spindle_reset_data	8	static
../grbl/system.c:549:22:toggle_single_block	8	static
../grbl/system.c:557:22:toggle_block_delete	8	static
../grbl/system.c:565:22:toggle_optional_stop	8	static
../grbl/system.c:419:22:jog	0	static
../grbl/system.c:624:22:output_help	0	static
../grbl/system.c:918:22:rtc_action	8	static
../grbl/system.c:480:22:enumerate_pins	0	static
../grbl/system.c:437:22:enumerate_alarms_grblformatted	0	static
../grbl/system.c:432:22:enumerate_alarms	0	static
../grbl/system.c:447:22:enumerate_errors_grblformatted	0	static
../grbl/system.c:442:22:enumerate_errors	0	static
../grbl/system.c:452:22:enumerate_groups	0	static
../grbl/system.c:472:22:enumerate_all	8	static
../grbl/system.c:467:22:enumerate_settings_halformatted	0	static
../grbl/system.c:462:22:enumerate_settings_grblformatted	0	static
../grbl/system.c:457:22:enumerate_settings	0	static
../grbl/system.c:887:22:set_startup_line	16	static
../grbl/system.c:913:22:set_startup_line1	0	static
../grbl/system.c:908:22:set_startup_line0	0	static
../grbl/system.c:867:22:output_startup_lines	80	static
../grbl/system.c:819:22:settings_reset	8	static
../grbl/system.c:809:22:output_all_build_info	80	static
../grbl/system.c:767:22:tool_probe_workpiece	0	static
../grbl/system.c:744:22:set_tool_reference	16	static
../grbl/system.c:541:22:output_parser_state	8	static
../grbl/system.c:732:22:enter_sleep	8	static
../grbl/system.c:789:22:build_info	80	static
../grbl/system.c:573:22:check_mode	8	static
../grbl/system.c:590:22:disable_lock	24	static
../grbl/system.c:103:15:control_interrupt_handler	24	static
../grbl/system.c:150:6:system_execute_startup	80	static
../grbl/system.c:629:22:go_home.constprop	16	static
../grbl/system.c:677:22:home	0	static
../grbl/system.c:682:22:home_x	0	static
../grbl/system.c:687:22:home_y	0	static
../grbl/system.c:692:22:home_z	0	static
../grbl/system.c:698:22:home_a	0	static
../grbl/system.c:175:15:read_int	32	static
../grbl/system.c:508:22:output_setting_description	16	static
../grbl/system.c:485:22:output_settings	16	static
../grbl/system.c:524:22:output_all_settings	0	static
../grbl/system.c:772:22:output_ngc_parameters	16	static
../grbl/system.c:266:6:system_command_help	16	static
../grbl/system.c:333:15:system_execute_line	56	static
../grbl/system.c:950:6:system_flag_wco_change	8	static
../grbl/system.c:961:6:system_convert_array_steps_to_mpos	0	static
../grbl/system.c:976:6:system_xy_at_fixture	48	static
../grbl/system.c:994:6:system_check_travel_limits	8	static
../grbl/system.c:1019:6:system_apply_jog_limits	20	static
../grbl/system.c:1049:6:system_raise_alarm	16	static
