../grbl/tool_change.c:63:13:change_completed	16	static
../grbl/tool_change.c:278:22:on_toolchange_ack	8	static
../grbl/tool_change.c:91:13:reset	16	static
../grbl/tool_change.c:256:22:trap_stream_cycle_start	16	static
../grbl/tool_change.c:238:22:trap_control_cycle_start	16	static
../grbl/tool_change.c:149:13:execute_warning	0	static
../grbl/tool_change.c:111:13:restore	80	static
../grbl/tool_change.c:173:13:execute_probe	96	static
../grbl/tool_change.c:287:13:tool_select	12	static
../grbl/tool_change.c:53:13:on_probe_completed	0	static
../grbl/tool_change.c:156:13:execute_restore	8	static
../grbl/tool_change.c:295:22:tool_change	88	static
../grbl/tool_change.c:398:6:tc_init	8	static
../grbl/tool_change.c:426:6:tc_clear_tlo_reference	16	static
../grbl/tool_change.c:447:15:tc_probe_workpiece	88	static
