Archive member included to satisfy reference by file (symbol)

c:/st/stm32cubeide_1.10.1/stm32cubeide/plugins/com.st.stm32cube.ide.mcu.externaltools.gnu-tools-for-stm32.10.3-2021.10.win32_1.0.100.202210260954/tools/bin/../lib/gcc/arm-none-eabi/10.3.1/../../../../arm-none-eabi/lib/thumb/v7e-m+fp/hard\libc_nano.a(lib_a-assert.o)
                              ./grbl/settings.o (__assert_func)
c:/st/stm32cubeide_1.10.1/stm32cubeide/plugins/com.st.stm32cube.ide.mcu.externaltools.gnu-tools-for-stm32.10.3-2021.10.win32_1.0.100.202210260954/tools/bin/../lib/gcc/arm-none-eabi/10.3.1/../../../../arm-none-eabi/lib/thumb/v7e-m+fp/hard\libc_nano.a(lib_a-calloc.o)
                              ./grbl/report.o (calloc)
c:/st/stm32cubeide_1.10.1/stm32cubeide/plugins/com.st.stm32cube.ide.mcu.externaltools.gnu-tools-for-stm32.10.3-2021.10.win32_1.0.100.202210260954/tools/bin/../lib/gcc/arm-none-eabi/10.3.1/../../../../arm-none-eabi/lib/thumb/v7e-m+fp/hard\libc_nano.a(lib_a-ctype_.o)
                              ./grbl/nuts_bolts.o (_ctype_)
c:/st/stm32cubeide_1.10.1/stm32cubeide/plugins/com.st.stm32cube.ide.mcu.externaltools.gnu-tools-for-stm32.10.3-2021.10.win32_1.0.100.202210260954/tools/bin/../lib/gcc/arm-none-eabi/10.3.1/../../../../arm-none-eabi/lib/thumb/v7e-m+fp/hard\libc_nano.a(lib_a-errno.o)
                              ./Src/syscalls.o (__errno)
c:/st/stm32cubeide_1.10.1/stm32cubeide/plugins/com.st.stm32cube.ide.mcu.externaltools.gnu-tools-for-stm32.10.3-2021.10.win32_1.0.100.202210260954/tools/bin/../lib/gcc/arm-none-eabi/10.3.1/../../../../arm-none-eabi/lib/thumb/v7e-m+fp/hard\libc_nano.a(lib_a-exit.o)
                              c:/st/stm32cubeide_1.10.1/stm32cubeide/plugins/com.st.stm32cube.ide.mcu.externaltools.gnu-tools-for-stm32.10.3-2021.10.win32_1.0.100.202210260954/tools/bin/../lib/gcc/arm-none-eabi/10.3.1/../../../../arm-none-eabi/lib/thumb/v7e-m+fp/hard/crt0.o (exit)
c:/st/stm32cubeide_1.10.1/stm32cubeide/plugins/com.st.stm32cube.ide.mcu.externaltools.gnu-tools-for-stm32.10.3-2021.10.win32_1.0.100.202210260954/tools/bin/../lib/gcc/arm-none-eabi/10.3.1/../../../../arm-none-eabi/lib/thumb/v7e-m+fp/hard\libc_nano.a(lib_a-fprintf.o)
                              c:/st/stm32cubeide_1.10.1/stm32cubeide/plugins/com.st.stm32cube.ide.mcu.externaltools.gnu-tools-for-stm32.10.3-2021.10.win32_1.0.100.202210260954/tools/bin/../lib/gcc/arm-none-eabi/10.3.1/../../../../arm-none-eabi/lib/thumb/v7e-m+fp/hard\libc_nano.a(lib_a-assert.o) (fiprintf)
c:/st/stm32cubeide_1.10.1/stm32cubeide/plugins/com.st.stm32cube.ide.mcu.externaltools.gnu-tools-for-stm32.10.3-2021.10.win32_1.0.100.202210260954/tools/bin/../lib/gcc/arm-none-eabi/10.3.1/../../../../arm-none-eabi/lib/thumb/v7e-m+fp/hard\libc_nano.a(lib_a-impure.o)
                              c:/st/stm32cubeide_1.10.1/stm32cubeide/plugins/com.st.stm32cube.ide.mcu.externaltools.gnu-tools-for-stm32.10.3-2021.10.win32_1.0.100.202210260954/tools/bin/../lib/gcc/arm-none-eabi/10.3.1/../../../../arm-none-eabi/lib/thumb/v7e-m+fp/hard\libc_nano.a(lib_a-exit.o) (_global_impure_ptr)
c:/st/stm32cubeide_1.10.1/stm32cubeide/plugins/com.st.stm32cube.ide.mcu.externaltools.gnu-tools-for-stm32.10.3-2021.10.win32_1.0.100.202210260954/tools/bin/../lib/gcc/arm-none-eabi/10.3.1/../../../../arm-none-eabi/lib/thumb/v7e-m+fp/hard\libc_nano.a(lib_a-init.o)
                              c:/st/stm32cubeide_1.10.1/stm32cubeide/plugins/com.st.stm32cube.ide.mcu.externaltools.gnu-tools-for-stm32.10.3-2021.10.win32_1.0.100.202210260954/tools/bin/../lib/gcc/arm-none-eabi/10.3.1/../../../../arm-none-eabi/lib/thumb/v7e-m+fp/hard/crt0.o (__libc_init_array)
c:/st/stm32cubeide_1.10.1/stm32cubeide/plugins/com.st.stm32cube.ide.mcu.externaltools.gnu-tools-for-stm32.10.3-2021.10.win32_1.0.100.202210260954/tools/bin/../lib/gcc/arm-none-eabi/10.3.1/../../../../arm-none-eabi/lib/thumb/v7e-m+fp/hard\libc_nano.a(lib_a-malloc.o)
                              ./Middlewares/ST/STM32_USB_Device_Library/Class/CDC/Src/usbd_cdc.o (malloc)
c:/st/stm32cubeide_1.10.1/stm32cubeide/plugins/com.st.stm32cube.ide.mcu.externaltools.gnu-tools-for-stm32.10.3-2021.10.win32_1.0.100.202210260954/tools/bin/../lib/gcc/arm-none-eabi/10.3.1/../../../../arm-none-eabi/lib/thumb/v7e-m+fp/hard\libc_nano.a(lib_a-memcmp.o)
                              ./Src/driver.o (memcmp)
c:/st/stm32cubeide_1.10.1/stm32cubeide/plugins/com.st.stm32cube.ide.mcu.externaltools.gnu-tools-for-stm32.10.3-2021.10.win32_1.0.100.202210260954/tools/bin/../lib/gcc/arm-none-eabi/10.3.1/../../../../arm-none-eabi/lib/thumb/v7e-m+fp/hard\libc_nano.a(lib_a-memcpy-stub.o)
                              ./Src/driver.o (memcpy)
c:/st/stm32cubeide_1.10.1/stm32cubeide/plugins/com.st.stm32cube.ide.mcu.externaltools.gnu-tools-for-stm32.10.3-2021.10.win32_1.0.100.202210260954/tools/bin/../lib/gcc/arm-none-eabi/10.3.1/../../../../arm-none-eabi/lib/thumb/v7e-m+fp/hard\libc_nano.a(lib_a-memset.o)
[...]
Memory Configuration

Name             Origin             Length             Attributes
RAM              0x0000000020000000 0x0000000000010000 xrw
BOOT_FLASH       0x0000000008000000 0x0000000000004000 xr
EEPROM_EMUL      0x0000000008004000 0x0000000000004000 xrw
FLASH            0x0000000008008000 0x0000000000038000 xr
*default*        0x0000000000000000 0xffffffffffffffff

Linker script and memory map

LOAD c:/st/stm32cubeide_1.10.1/stm32cubeide/plugins/com.st.stm32cube.ide.mcu.externaltools.gnu-tools-for-stm32.10.3-2021.10.win32_1.0.100.202210260954/tools/bin/../lib/gcc/arm-none-eabi/10.3.1/thumb/v7e-m+fp/hard/crti.o
LOAD c:/st/stm32cubeide_1.10.1/stm32cubeide/plugins/com.st.stm32cube.ide.mcu.externaltools.gnu-tools-for-stm32.10.3-2021.10.win32_1.0.100.202210260954/tools/bin/../lib/gcc/arm-none-eabi/10.3.1/thumb/v7e-m+fp/hard/crtbegin.o
LOAD c:/st/stm32cubeide_1.10.1/stm32cubeide/plugins/com.st.stm32cube.ide.mcu.externaltools.gnu-tools-for-stm32.10.3-2021.10.win32_1.0.100.202210260954/tools/bin/../lib/gcc/arm-none-eabi/10.3.1/../../../../arm-none-eabi/lib/thumb/v7e-m+fp/hard/crt0.o
LOAD ./Drivers/STM32F4xx_HAL_Driver/Src/stm32f4xx_hal.o
LOAD ./Drivers/STM32F4xx_HAL_Driver/Src/stm32f4xx_hal_cortex.o
LOAD ./Drivers/STM32F4xx_HAL_Driver/Src/stm32f4xx_hal_dac.o
LOAD ./Drivers/STM32F4xx_HAL_Driver/Src/stm32f4xx_hal_dac_ex.o
LOAD ./Drivers/STM32F4xx_HAL_Driver/Src/stm32f4xx_hal_dma.o
LOAD ./Drivers/STM32F4xx_HAL_Driver/Src/stm32f4xx_hal_dma_ex.o
LOAD ./Drivers/STM32F4xx_HAL_Driver/Src/stm32f4xx_hal_exti.o
LOAD ./Drivers/STM32F4xx_HAL_Driver/Src/stm32f4xx_hal_flash.o
LOAD ./Drivers/STM32F4xx_HAL_Driver/Src/stm32f4xx_hal_flash_ex.o
LOAD ./Drivers/STM32F4xx_HAL_Driver/Src/stm32f4xx_hal_flash_ramfunc.o
LOAD ./Drivers/STM32F4xx_HAL_Driver/Src/stm32f4xx_hal_fmpi2c.o
LOAD ./Drivers/STM32F4xx_HAL_Driver/Src/stm32f4xx_hal_fmpi2c_ex.o
LOAD ./Drivers/STM32F4xx_HAL_Driver/Src/stm32f4xx_hal_gpio.o
LOAD ./Drivers/STM32F4xx_HAL_Driver/Src/stm32f4xx_hal_i2c.o
LOAD ./Drivers/STM32F4xx_HAL_Driver/Src/stm32f4xx_hal_i2c_ex.o
LOAD ./Drivers/STM32F4xx_HAL_Driver/Src/stm32f4xx_hal_i2s.o
LOAD ./Drivers/STM32F4xx_HAL_Driver/Src/stm32f4xx_hal_i2s_ex.o
LOAD ./Drivers/STM32F4xx_HAL_Driver/Src/stm32f4xx_hal_pcd.o
LOAD ./Drivers/STM32F4xx_HAL_Driver/Src/stm32f4xx_hal_pcd_ex.o
LOAD ./Drivers/STM32F4xx_HAL_Driver/Src/stm32f4xx_hal_pwr.o
LOAD ./Drivers/STM32F4xx_HAL_Driver/Src/stm32f4xx_hal_pwr_ex.o
LOAD ./Drivers/STM32F4xx_HAL_Driver/Src/stm32f4xx_hal_rcc.o
LOAD ./Drivers/STM32F4xx_HAL_Driver/Src/stm32f4xx_hal_rcc_ex.o
LOAD ./Drivers/STM32F4xx_HAL_Driver/Src/stm32f4xx_hal_rtc.o
LOAD ./Drivers/STM32F4xx_HAL_Driver/Src/stm32f4xx_hal_rtc_ex.o
LOAD ./Drivers/STM32F4xx_HAL_Driver/Src/stm32f4xx_hal_spi.o
LOAD ./Drivers/STM32F4xx_HAL_Driver/Src/stm32f4xx_hal_tim.o
LOAD ./Drivers/STM32F4xx_HAL_Driver/Src/stm32f4xx_hal_tim_ex.o
LOAD ./Drivers/STM32F4xx_HAL_Driver/Src/stm32f4xx_hal_uart.o
LOAD ./Drivers/STM32F4xx_HAL_Driver/Src/stm32f4xx_ll_usb.o
LOAD ./FatFs/ff.o
LOAD ./FatFs/ffsystem.o
LOAD ./FatFs/ffunicode.o
LOAD ./Middlewares/ST/STM32_USB_Device_Library/Class/CDC/Src/usbd_cdc.o
LOAD ./Middlewares/ST/STM32_USB_Device_Library/Core/Src/usbd_core.o
LOAD ./Middlewares/ST/STM32_USB_Device_Library/Core/Src/usbd_ctlreq.o
LOAD ./Middlewares/ST/STM32_USB_Device_Library/Core/Src/usbd_ioreq.o
LOAD ./Src/btt_skr_1.1.o
LOAD ./Src/btt_skr_2.0.o
LOAD ./Src/diskio.o
LOAD ./Src/driver.o
LOAD ./Src/flash.o
LOAD ./Src/flexi_hal.o
LOAD ./Src/i2c.o
LOAD ./Src/ioports.o
LOAD ./Src/main.o
LOAD ./Src/serial.o
LOAD ./Src/spi.o
LOAD ./Src/st_morpho.o
LOAD ./Src/st_morpo_dac.o
LOAD ./Src/stm32f4xx_hal_msp.o
LOAD ./Src/stm32f4xx_it.o
LOAD ./Src/syscalls.o
LOAD ./Src/sysmem.o
LOAD ./Src/system_stm32f4xx.o
LOAD ./Src/tmc_uart.o
LOAD ./Src/usb_serial.o
LOAD ./Startup/startup_stm32f401ccux.o
LOAD ./USB_DEVICE/App/usb_device.o
LOAD ./USB_DEVICE/App/usbd_cdc_if.o
LOAD ./USB_DEVICE/App/usbd_desc.o
LOAD ./USB_DEVICE/Target/usbd_conf.o
LOAD ./bluetooth/hc_05.o
LOAD ./eeprom/eeprom_24AAxxx.o
LOAD ./eeprom/eeprom_24LC16B.o
LOAD ./grbl/alarms.o
LOAD ./grbl/coolant_control.o
LOAD ./grbl/corexy.o
LOAD ./grbl/errors.o
LOAD ./grbl/gcode.o
LOAD ./grbl/grbllib.o
LOAD ./grbl/ioports.o
LOAD ./grbl/machine_limits.o
LOAD ./grbl/maslow.o
LOAD ./grbl/motion_control.o
LOAD ./grbl/my_plugin.o
LOAD ./grbl/ngc_expr.o
LOAD ./grbl/ngc_params.o
LOAD ./grbl/nuts_bolts.o
LOAD ./grbl/nvs_buffer.o
LOAD ./grbl/override.o
LOAD ./grbl/pid.o
LOAD ./grbl/planner.o
LOAD ./grbl/protocol.o
LOAD ./grbl/regex.o
LOAD ./grbl/report.o
LOAD ./grbl/settings.o
LOAD ./grbl/sleep.o
LOAD ./grbl/spindle_control.o
LOAD ./grbl/state_machine.o
LOAD ./grbl/stepper.o
LOAD ./grbl/stream.o
LOAD ./grbl/system.o
LOAD ./grbl/tool_change.o
LOAD ./grbl/vfs.o
LOAD ./grbl/wall_plotter.o
LOAD ./keypad/keypad.o
LOAD ./laser/coolant.o
LOAD ./laser/lb_clusters.o
LOAD ./laser/ppi.o
LOAD ./motors/trinamic.o
LOAD ./odometer/odometer.o
LOAD ./sdcard/fs_fatfs.o
LOAD ./sdcard/fs_littlefs.o
LOAD ./sdcard/sdcard.o
LOAD ./sdcard/ymodem.o
LOAD ./spindle/modbus.o
LOAD ./spindle/select.o
LOAD ./spindle/vfd/gs20.o
LOAD ./spindle/vfd/h100.o
LOAD ./spindle/vfd/huanyang.o
LOAD ./spindle/vfd/modvfd.o
LOAD ./spindle/vfd/spindle.o
LOAD ./spindle/vfd/yl620.o
LOAD ./trinamic/common.o
LOAD ./trinamic/tmc2130.o
LOAD ./trinamic/tmc2130hal.o
LOAD ./trinamic/tmc2209.o
LOAD ./trinamic/tmc2209hal.o
LOAD ./trinamic/tmc26x.o
LOAD ./trinamic/tmc5160.o
LOAD ./trinamic/tmc5160hal.o
LOAD ./trinamic/tmc_interface.o
START GROUP
LOAD c:/st/stm32cubeide_1.10.1/stm32cubeide/plugins/com.st.stm32cube.ide.mcu.externaltools.gnu-tools-for-stm32.10.3-2021.10.win32_1.0.100.202210260954/tools/bin/../lib/gcc/arm-none-eabi/10.3.1/../../../../arm-none-eabi/lib/thumb/v7e-m+fp/hard\libc_nano.a
LOAD c:/st/stm32cubeide_1.10.1/stm32cubeide/plugins/com.st.stm32cube.ide.mcu.externaltools.gnu-tools-for-stm32.10.3-2021.10.win32_1.0.100.202210260954/tools/bin/../lib/gcc/arm-none-eabi/10.3.1/../../../../arm-none-eabi/lib/thumb/v7e-m+fp/hard\libm.a
END GROUP
START GROUP
LOAD c:/st/stm32cubeide_1.10.1/stm32cubeide/plugins/com.st.stm32cube.ide.mcu.externaltools.gnu-tools-for-stm32.10.3-2021.10.win32_1.0.100.202210260954/tools/bin/../lib/gcc/arm-none-eabi/10.3.1/thumb/v7e-m+fp/hard\libgcc.a
LOAD c:/st/stm32cubeide_1.10.1/stm32cubeide/plugins/com.st.stm32cube.ide.mcu.externaltools.gnu-tools-for-stm32.10.3-2021.10.win32_1.0.100.202210260954/tools/bin/../lib/gcc/arm-none-eabi/10.3.1/../../../../arm-none-eabi/lib/thumb/v7e-m+fp/hard\libc_nano.a
END GROUP
START GROUP
LOAD c:/st/stm32cubeide_1.10.1/stm32cubeide/plugins/com.st.stm32cube.ide.mcu.externaltools.gnu-tools-for-stm32.10.3-2021.10.win32_1.0.100.202210260954/tools/bin/../lib/gcc/arm-none-eabi/10.3.1/thumb/v7e-m+fp/hard\libgcc.a
LOAD c:/st/stm32cubeide_1.10.1/stm32cubeide/plugins/com.st.stm32cube.ide.mcu.externaltools.gnu-tools-for-stm32.10.3-2021.10.win32_1.0.100.202210260954/tools/bin/../lib/gcc/arm-none-eabi/10.3.1/../../../../arm-none-eabi/lib/thumb/v7e-m+fp/hard\libc_nano.a
LOAD c:/st/stm32cubeide_1.10.1/stm32cubeide/plugins/com.st.stm32cube.ide.mcu.externaltools.gnu-tools-for-stm32.10.3-2021.10.win32_1.0.100.202210260954/tools/bin/../lib/gcc/arm-none-eabi/10.3.1/../../../../arm-none-eabi/lib/thumb/v7e-m+fp/hard\libnosys.a
END GROUP
START GROUP
LOAD c:/st/stm32cubeide_1.10.1/stm32cubeide/plugins/com.st.stm32cube.ide.mcu.externaltools.gnu-tools-for-stm32.10.3-2021.10.win32_1.0.100.202210260954/tools/bin/../lib/gcc/arm-none-eabi/10.3.1/thumb/v7e-m+fp/hard\libgcc.a
LOAD c:/st/stm32cubeide_1.10.1/stm32cubeide/plugins/com.st.stm32cube.ide.mcu.externaltools.gnu-tools-for-stm32.10.3-2021.10.win32_1.0.100.202210260954/tools/bin/../lib/gcc/arm-none-eabi/10.3.1/../../../../arm-none-eabi/lib/thumb/v7e-m+fp/hard\libc_nano.a
LOAD c:/st/stm32cubeide_1.10.1/stm32cubeide/plugins/com.st.stm32cube.ide.mcu.externaltools.gnu-tools-for-stm32.10.3-2021.10.win32_1.0.100.202210260954/tools/bin/../lib/gcc/arm-none-eabi/10.3.1/../../../../arm-none-eabi/lib/thumb/v7e-m+fp/hard\libnosys.a
END GROUP
LOAD c:/st/stm32cubeide_1.10.1/stm32cubeide/plugins/com.st.stm32cube.ide.mcu.externaltools.gnu-tools-for-stm32.10.3-2021.10.win32_1.0.100.202210260954/tools/bin/../lib/gcc/arm-none-eabi/10.3.1/thumb/v7e-m+fp/hard/crtend.o
LOAD c:/st/stm32cubeide_1.10.1/stm32cubeide/plugins/com.st.stm32cube.ide.mcu.externaltools.gnu-tools-for-stm32.10.3-2021.10.win32_1.0.100.202210260954/tools/bin/../lib/gcc/arm-none-eabi/10.3.1/thumb/v7e-m+fp/hard/crtn.o
                0x0000000020010000                _estack = (ORIGIN (RAM) + LENGTH (RAM))
                0x0000000000002000                _Min_Heap_Size = 0x2000
                0x0000000000000400                _Min_Stack_Size = 0x400
                0x0000000008004000                _EEPROM_Emul_Start = ORIGIN (EEPROM_EMUL)
                0x0000000000000001                _EEPROM_Emul_Sector = 0x1

.isr_vector     0x0000000008000000      0x194
                0x0000000008000000                . = ALIGN (0x4)
 *(.isr_vector)
 .isr_vector    0x0000000008000000      0x194 ./Startup/startup_stm32f401ccux.o
                0x0000000008000000                g_pfnVectors
                0x0000000008000194                . = ALIGN (0x4)

.text           0x0000000008008000    0x17328
                0x0000000008008000                . = ALIGN (0x4)
 *(.text)
 .text          0x0000000008008000       0x40 c:/st/stm32cubeide_1.10.1/stm32cubeide/plugins/com.st.stm32cube.ide.mcu.externaltools.gnu-tools-for-stm32.10.3-2021.10.win32_1.0.100.202210260954/tools/bin/../lib/gcc/arm-none-eabi/10.3.1/thumb/v7e-m+fp/hard/crtbegin.o
 .text          0x0000000008008040       0x14 c:/st/stm32cubeide_1.10.1/stm32cubeide/plugins/com.st.stm32cube.ide.mcu.externaltools.gnu-tools-for-stm32.10.3-2021.10.win32_1.0.100.202210260954/tools/bin/../lib/gcc/arm-none-eabi/10.3.1/../../../../arm-none-eabi/lib/thumb/v7e-m+fp/hard\libc_nano.a(lib_a-strcmp.o)
                0x0000000008008040                strcmp
 .text          0x0000000008008054       0x10 c:/st/stm32cubeide_1.10.1/stm32cubeide/plugins/com.st.stm32cube.ide.mcu.externaltools.gnu-tools-for-stm32.10.3-2021.10.win32_1.0.100.202210260954/tools/bin/../lib/gcc/arm-none-eabi/10.3.1/../../../../arm-none-eabi/lib/thumb/v7e-m+fp/hard\libc_nano.a(lib_a-strlen.o)
                0x0000000008008054                strlen
 *fill*         0x0000000008008064        0xc 
 .text          0x0000000008008070       0xa0 c:/st/stm32cubeide_1.10.1/stm32cubeide/plugins/com.st.stm32cube.ide.mcu.externaltools.gnu-tools-for-stm32.10.3-2021.10.win32_1.0.100.202210260954/tools/bin/../lib/gcc/arm-none-eabi/10.3.1/../../../../arm-none-eabi/lib/thumb/v7e-m+fp/hard\libc_nano.a(lib_a-memchr.o)
                0x0000000008008070                memchr
 .text          0x0000000008008110      0x254 c:/st/stm32cubeide_1.10.1/stm32cubeide/plugins/com.st.stm32cube.ide.mcu.externaltools.gnu-tools-for-stm32.10.3-2021.10.win32_1.0.100.202210260954/tools/bin/../lib/gcc/arm-none-eabi/10.3.1/thumb/v7e-m+fp/hard\libgcc.a(_arm_muldf3.o)
                0x0000000008008110                __muldf3
                0x0000000008008110                __aeabi_dmul
 .text          0x0000000008008364      0x378 c:/st/stm32cubeide_1.10.1/stm32cubeide/plugins/com.st.stm32cube.ide.mcu.externaltools.gnu-tools-for-stm32.10.3-2021.10.win32_1.0.100.202210260954/tools/bin/../lib/gcc/arm-none-eabi/10.3.1/thumb/v7e-m+fp/hard\libgcc.a(_arm_addsubdf3.o)
                0x0000000008008364                __aeabi_drsub
                0x000000000800836c                __aeabi_dsub
                0x000000000800836c                __subdf3
                0x0000000008008370                __aeabi_dadd
                0x0000000008008370                __adddf3
                0x00000000080085e8                __floatunsidf
                0x00000000080085e8                __aeabi_ui2d
                0x0000000008008608                __floatsidf
                0x0000000008008608                __aeabi_i2d
                0x000000000800862c                __aeabi_f2d
                0x000000000800862c                __extendsfdf2
                0x0000000008008670                __floatundidf
                0x0000000008008670                __aeabi_ul2d
                0x0000000008008680                __floatdidf
                0x0000000008008680                __aeabi_l2d
 .text          0x00000000080086dc       0xa0 c:/st/stm32cubeide_1.10.1/stm32cubeide/plugins/com.st.stm32cube.ide.mcu.externaltools.gnu-tools-for-stm32.10.3-2021.10.win32_1.0.100.202210260954/tools/bin/../lib/gcc/arm-none-eabi/10.3.1/thumb/v7e-m+fp/hard\libgcc.a(_arm_truncdfsf2.o)
                0x00000000080086dc                __truncdfsf2
                0x00000000080086dc                __aeabi_d2f
 .text          0x000000000800877c       0x30 c:/st/stm32cubeide_1.10.1/stm32cubeide/plugins/com.st.stm32cube.ide.mcu.externaltools.gnu-tools-for-stm32.10.3-2021.10.win32_1.0.100.202210260954/tools/bin/../lib/gcc/arm-none-eabi/10.3.1/thumb/v7e-m+fp/hard\libgcc.a(_aeabi_uldivmod.o)
                0x000000000800877c                __aeabi_uldivmod
 .text          0x00000000080087ac      0x2d0 c:/st/stm32cubeide_1.10.1/stm32cubeide/plugins/com.st.stm32cube.ide.mcu.externaltools.gnu-tools-for-stm32.10.3-2021.10.win32_1.0.100.202210260954/tools/bin/../lib/gcc/arm-none-eabi/10.3.1/thumb/v7e-m+fp/hard\libgcc.a(_udivmoddi4.o)
                0x00000000080087ac                __udivmoddi4
 .text          0x0000000008008a7c        0x4 c:/st/stm32cubeide_1.10.1/stm32cubeide/plugins/com.st.stm32cube.ide.mcu.externaltools.gnu-tools-for-stm32.10.3-2021.10.win32_1.0.100.202210260954/tools/bin/../lib/gcc/arm-none-eabi/10.3.1/thumb/v7e-m+fp/hard\libgcc.a(_dvmd_tls.o)
                0x0000000008008a7c                __aeabi_idiv0
                0x0000000008008a7c                __aeabi_ldiv0
 *(.text*)
 .text.HAL_InitTick
                0x0000000008008a80       0x48 ./Drivers/STM32F4xx_HAL_Driver/Src/stm32f4xx_hal.o
                0x0000000008008a80                HAL_InitTick
 .text.HAL_Init
                0x0000000008008ac8       0x34 ./Drivers/STM32F4xx_HAL_Driver/Src/stm32f4xx_hal.o
                0x0000000008008ac8                HAL_Init
 .text.HAL_IncTick
                0x0000000008008afc       0x18 ./Drivers/STM32F4xx_HAL_Driver/Src/stm32f4xx_hal.o
                0x0000000008008afc                HAL_IncTick
 .text.HAL_GetTick
                0x0000000008008b14        0xc ./Drivers/STM32F4xx_HAL_Driver/Src/stm32f4xx_hal.o
                0x0000000008008b14                HAL_GetTick
 .text.HAL_Delay
                0x0000000008008b20       0x28 ./Drivers/STM32F4xx_HAL_Driver/Src/stm32f4xx_hal.o
                0x0000000008008b20                HAL_Delay
 .text.HAL_NVIC_SetPriorityGrouping
                0x0000000008008b48       0x24 ./Drivers/STM32F4xx_HAL_Driver/Src/stm32f4xx_hal_cortex.o
                0x0000000008008b48                HAL_NVIC_SetPriorityGrouping
 .text.HAL_NVIC_SetPriority
                0x0000000008008b6c       0x64 ./Drivers/STM32F4xx_HAL_Driver/Src/stm32f4xx_hal_cortex.o
                0x0000000008008b6c                HAL_NVIC_SetPriority
 .text.HAL_NVIC_EnableIRQ
                0x0000000008008bd0       0x1c ./Drivers/STM32F4xx_HAL_Driver/Src/stm32f4xx_hal_cortex.o
                0x0000000008008bd0                HAL_NVIC_EnableIRQ
 .text.HAL_NVIC_DisableIRQ
                0x0000000008008bec       0x28 ./Drivers/STM32F4xx_HAL_Driver/Src/stm32f4xx_hal_cortex.o
                0x0000000008008bec                HAL_NVIC_DisableIRQ
 .text.HAL_SYSTICK_Config
                0x0000000008008c14       0x28 ./Drivers/STM32F4xx_HAL_Driver/Src/stm32f4xx_hal_cortex.o
                0x0000000008008c14                HAL_SYSTICK_Config
 .text.FLASH_Program_DoubleWord
                0x0000000008008c3c       0x2c ./Drivers/STM32F4xx_HAL_Driver/Src/stm32f4xx_hal_flash.o
 .text.FLASH_Program_Word
                0x0000000008008c68       0x24 ./Drivers/STM32F4xx_HAL_Driver/Src/stm32f4xx_hal_flash.o
 .text.FLASH_Program_HalfWord
                0x0000000008008c8c       0x24 ./Drivers/STM32F4xx_HAL_Driver/Src/stm32f4xx_hal_flash.o
 .text.FLASH_SetErrorCode
                0x0000000008008cb0       0x8c ./Drivers/STM32F4xx_HAL_Driver/Src/stm32f4xx_hal_flash.o
 .text.HAL_FLASH_Unlock
                0x0000000008008d3c       0x24 ./Drivers/STM32F4xx_HAL_Driver/Src/stm32f4xx_hal_flash.o
                0x0000000008008d3c                HAL_FLASH_Unlock
 .text.HAL_FLASH_Lock
                0x0000000008008d60       0x14 ./Drivers/STM32F4xx_HAL_Driver/Src/stm32f4xx_hal_flash.o
                0x0000000008008d60                HAL_FLASH_Lock
 .text.FLASH_WaitForLastOperation
                0x0000000008008d74       0x50 ./Drivers/STM32F4xx_HAL_Driver/Src/stm32f4xx_hal_flash.o
                0x0000000008008d74                FLASH_WaitForLastOperation
 .text.HAL_FLASH_Program
                0x0000000008008dc4       0x8c ./Drivers/STM32F4xx_HAL_Driver/Src/stm32f4xx_hal_flash.o
                0x0000000008008dc4                HAL_FLASH_Program
 .text.FLASH_MassErase.constprop.0
                0x0000000008008e50       0x24 ./Drivers/STM32F4xx_HAL_Driver/Src/stm32f4xx_hal_flash_ex.o
 .text.FLASH_Erase_Sector
                0x0000000008008e74       0x4c ./Drivers/STM32F4xx_HAL_Driver/Src/stm32f4xx_hal_flash_ex.o
                0x0000000008008e74                FLASH_Erase_Sector
 .text.FLASH_FlushCaches
                0x0000000008008ec0       0x58 ./Drivers/STM32F4xx_HAL_Driver/Src/stm32f4xx_hal_flash_ex.o
                0x0000000008008ec0                FLASH_FlushCaches
 .text.HAL_FLASHEx_Erase
                0x0000000008008f18       0xa0 ./Drivers/STM32F4xx_HAL_Driver/Src/stm32f4xx_hal_flash_ex.o
                0x0000000008008f18                HAL_FLASHEx_Erase
 .text.HAL_GPIO_Init
                0x0000000008008fb8      0x194 ./Drivers/STM32F4xx_HAL_Driver/Src/stm32f4xx_hal_gpio.o
                0x0000000008008fb8                HAL_GPIO_Init
 .text.HAL_PCD_Init
                0x000000000800914c      0x10a ./Drivers/STM32F4xx_HAL_Driver/Src/stm32f4xx_hal_pcd.o
                0x000000000800914c                HAL_PCD_Init
 .text.HAL_PCD_Start
                0x0000000008009256       0x3e ./Drivers/STM32F4xx_HAL_Driver/Src/stm32f4xx_hal_pcd.o
                0x0000000008009256                HAL_PCD_Start
 .text.HAL_PCD_IRQHandler
                0x0000000008009294      0x55c ./Drivers/STM32F4xx_HAL_Driver/Src/stm32f4xx_hal_pcd.o
                0x0000000008009294                HAL_PCD_IRQHandler
 .text.HAL_PCD_SetAddress
                0x00000000080097f0       0x28 ./Drivers/STM32F4xx_HAL_Driver/Src/stm32f4xx_hal_pcd.o
                0x00000000080097f0                HAL_PCD_SetAddress
 .text.HAL_PCD_EP_Open
                0x0000000008009818       0x70 ./Drivers/STM32F4xx_HAL_Driver/Src/stm32f4xx_hal_pcd.o
                0x0000000008009818                HAL_PCD_EP_Open
 .text.HAL_PCD_EP_Close
                0x0000000008009888       0x5e ./Drivers/STM32F4xx_HAL_Driver/Src/stm32f4xx_hal_pcd.o
                0x0000000008009888                HAL_PCD_EP_Close
 .text.HAL_PCD_EP_Receive
                0x00000000080098e6       0x48 ./Drivers/STM32F4xx_HAL_Driver/Src/stm32f4xx_hal_pcd.o
                0x00000000080098e6                HAL_PCD_EP_Receive
 .text.HAL_PCD_EP_GetRxCount
                0x000000000800992e       0x10 ./Drivers/STM32F4xx_HAL_Driver/Src/stm32f4xx_hal_pcd.o
                0x000000000800992e                HAL_PCD_EP_GetRxCount
 .text.HAL_PCD_EP_Transmit
                0x000000000800993e       0x40 ./Drivers/STM32F4xx_HAL_Driver/Src/stm32f4xx_hal_pcd.o
                0x000000000800993e                HAL_PCD_EP_Transmit
 .text.HAL_PCD_EP_SetStall
                0x000000000800997e       0x70 ./Drivers/STM32F4xx_HAL_Driver/Src/stm32f4xx_hal_pcd.o
                0x000000000800997e                HAL_PCD_EP_SetStall
 .text.HAL_PCD_EP_ClrStall
                0x00000000080099ee       0x6c ./Drivers/STM32F4xx_HAL_Driver/Src/stm32f4xx_hal_pcd.o
                0x00000000080099ee                HAL_PCD_EP_ClrStall
 .text.HAL_PCDEx_SetTxFiFo
                0x0000000008009a5a       0x40 ./Drivers/STM32F4xx_HAL_Driver/Src/stm32f4xx_hal_pcd_ex.o
                0x0000000008009a5a                HAL_PCDEx_SetTxFiFo
 .text.HAL_PCDEx_SetRxFiFo
                0x0000000008009a9a        0x8 ./Drivers/STM32F4xx_HAL_Driver/Src/stm32f4xx_hal_pcd_ex.o
                0x0000000008009a9a                HAL_PCDEx_SetRxFiFo
 .text.HAL_PCDEx_LPM_Callback
                0x0000000008009aa2        0x2 ./Drivers/STM32F4xx_HAL_Driver/Src/stm32f4xx_hal_pcd_ex.o
                0x0000000008009aa2                HAL_PCDEx_LPM_Callback
 .text.HAL_RCC_OscConfig
                0x0000000008009aa4      0x354 ./Drivers/STM32F4xx_HAL_Driver/Src/stm32f4xx_hal_rcc.o
                0x0000000008009aa4                HAL_RCC_OscConfig
 .text.HAL_RCC_GetSysClockFreq
                0x0000000008009df8       0x5c ./Drivers/STM32F4xx_HAL_Driver/Src/stm32f4xx_hal_rcc.o
                0x0000000008009df8                HAL_RCC_GetSysClockFreq
 .text.HAL_RCC_ClockConfig
                0x0000000008009e54      0x138 ./Drivers/STM32F4xx_HAL_Driver/Src/stm32f4xx_hal_rcc.o
                0x0000000008009e54                HAL_RCC_ClockConfig
 .text.HAL_RCC_GetHCLKFreq
                0x0000000008009f8c        0xc ./Drivers/STM32F4xx_HAL_Driver/Src/stm32f4xx_hal_rcc.o
                0x0000000008009f8c                HAL_RCC_GetHCLKFreq
 .text.HAL_RCC_GetPCLK1Freq
                0x0000000008009f98       0x20 ./Drivers/STM32F4xx_HAL_Driver/Src/stm32f4xx_hal_rcc.o
                0x0000000008009f98                HAL_RCC_GetPCLK1Freq
 .text.HAL_RCC_GetPCLK2Freq
                0x0000000008009fb8       0x20 ./Drivers/STM32F4xx_HAL_Driver/Src/stm32f4xx_hal_rcc.o
                0x0000000008009fb8                HAL_RCC_GetPCLK2Freq
 .text.HAL_RCC_GetClockConfig
                0x0000000008009fd8       0x3c ./Drivers/STM32F4xx_HAL_Driver/Src/stm32f4xx_hal_rcc.o
                0x0000000008009fd8                HAL_RCC_GetClockConfig
 .text.TIM_Base_SetConfig
                0x000000000800a014       0x9c ./Drivers/STM32F4xx_HAL_Driver/Src/stm32f4xx_hal_tim.o
                0x000000000800a014                TIM_Base_SetConfig
 .text.USB_CoreReset
                0x000000000800a0b0       0x30 ./Drivers/STM32F4xx_HAL_Driver/Src/stm32f4xx_ll_usb.o
 .text.USB_CoreInit
                0x000000000800a0e0       0x80 ./Drivers/STM32F4xx_HAL_Driver/Src/stm32f4xx_ll_usb.o
                0x000000000800a0e0                USB_CoreInit
 .text.USB_SetTurnaroundTime
                0x000000000800a160       0xe0 ./Drivers/STM32F4xx_HAL_Driver/Src/stm32f4xx_ll_usb.o
                0x000000000800a160                USB_SetTurnaroundTime
 .text.USB_EnableGlobalInt
                0x000000000800a240        0xc ./Drivers/STM32F4xx_HAL_Driver/Src/stm32f4xx_ll_usb.o
                0x000000000800a240                USB_EnableGlobalInt
 .text.USB_DisableGlobalInt
                0x000000000800a24c        0xc ./Drivers/STM32F4xx_HAL_Driver/Src/stm32f4xx_ll_usb.o
                0x000000000800a24c                USB_DisableGlobalInt
 .text.USB_SetCurrentMode
                0x000000000800a258       0x2e ./Drivers/STM32F4xx_HAL_Driver/Src/stm32f4xx_ll_usb.o
                0x000000000800a258                USB_SetCurrentMode
 *fill*         0x000000000800a286        0x2 
 .text.USB_FlushTxFifo
                0x000000000800a288       0x24 ./Drivers/STM32F4xx_HAL_Driver/Src/stm32f4xx_ll_usb.o
                0x000000000800a288                USB_FlushTxFifo
 .text.USB_FlushRxFifo
                0x000000000800a2ac       0x20 ./Drivers/STM32F4xx_HAL_Driver/Src/stm32f4xx_ll_usb.o
                0x000000000800a2ac                USB_FlushRxFifo
 .text.USB_SetDevSpeed
                0x000000000800a2cc        0xe ./Drivers/STM32F4xx_HAL_Driver/Src/stm32f4xx_ll_usb.o
                0x000000000800a2cc                USB_SetDevSpeed
 *fill*         0x000000000800a2da        0x2 
 .text.USB_DevInit
                0x000000000800a2dc      0x170 ./Drivers/STM32F4xx_HAL_Driver/Src/stm32f4xx_ll_usb.o
                0x000000000800a2dc                USB_DevInit
 .text.USB_GetDevSpeed
                0x000000000800a44c       0x16 ./Drivers/STM32F4xx_HAL_Driver/Src/stm32f4xx_ll_usb.o
                0x000000000800a44c                USB_GetDevSpeed
 .text.USB_ActivateEndpoint
                0x000000000800a462       0x7c ./Drivers/STM32F4xx_HAL_Driver/Src/stm32f4xx_ll_usb.o
                0x000000000800a462                USB_ActivateEndpoint
 *fill*         0x000000000800a4de        0x2 
 .text.USB_DeactivateEndpoint
                0x000000000800a4e0       0xac ./Drivers/STM32F4xx_HAL_Driver/Src/stm32f4xx_ll_usb.o
                0x000000000800a4e0                USB_DeactivateEndpoint
 .text.USB_EP0StartXfer
                0x000000000800a58c       0xf4 ./Drivers/STM32F4xx_HAL_Driver/Src/stm32f4xx_ll_usb.o
                0x000000000800a58c                USB_EP0StartXfer
 .text.USB_WritePacket
                0x000000000800a680       0x26 ./Drivers/STM32F4xx_HAL_Driver/Src/stm32f4xx_ll_usb.o
                0x000000000800a680                USB_WritePacket
 *fill*         0x000000000800a6a6        0x2 
 .text.USB_EPStartXfer
                0x000000000800a6a8      0x1dc ./Drivers/STM32F4xx_HAL_Driver/Src/stm32f4xx_ll_usb.o
                0x000000000800a6a8                USB_EPStartXfer
 .text.USB_ReadPacket
                0x000000000800a884       0x1c ./Drivers/STM32F4xx_HAL_Driver/Src/stm32f4xx_ll_usb.o
                0x000000000800a884                USB_ReadPacket
 .text.USB_EPSetStall
                0x000000000800a8a0       0x56 ./Drivers/STM32F4xx_HAL_Driver/Src/stm32f4xx_ll_usb.o
                0x000000000800a8a0                USB_EPSetStall
 .text.USB_EPClearStall
                0x000000000800a8f6       0x52 ./Drivers/STM32F4xx_HAL_Driver/Src/stm32f4xx_ll_usb.o
                0x000000000800a8f6                USB_EPClearStall
 .text.USB_SetDevAddress
                0x000000000800a948       0x20 ./Drivers/STM32F4xx_HAL_Driver/Src/stm32f4xx_ll_usb.o
                0x000000000800a948                USB_SetDevAddress
 .text.USB_DevConnect
                0x000000000800a968       0x1c ./Drivers/STM32F4xx_HAL_Driver/Src/stm32f4xx_ll_usb.o
                0x000000000800a968                USB_DevConnect
 .text.USB_DevDisconnect
                0x000000000800a984       0x1c ./Drivers/STM32F4xx_HAL_Driver/Src/stm32f4xx_ll_usb.o
                0x000000000800a984                USB_DevDisconnect
 .text.USB_ReadInterrupts
                0x000000000800a9a0        0x8 ./Drivers/STM32F4xx_HAL_Driver/Src/stm32f4xx_ll_usb.o
                0x000000000800a9a0                USB_ReadInterrupts
 .text.USB_ReadDevAllOutEpInterrupt
                0x000000000800a9a8       0x10 ./Drivers/STM32F4xx_HAL_Driver/Src/stm32f4xx_ll_usb.o
                0x000000000800a9a8                USB_ReadDevAllOutEpInterrupt
 .text.USB_ReadDevAllInEpInterrupt
                0x000000000800a9b8       0x10 ./Drivers/STM32F4xx_HAL_Driver/Src/stm32f4xx_ll_usb.o
                0x000000000800a9b8                USB_ReadDevAllInEpInterrupt
 .text.USB_ReadDevOutEPInterrupt
                0x000000000800a9c8       0x12 ./Drivers/STM32F4xx_HAL_Driver/Src/stm32f4xx_ll_usb.o
                0x000000000800a9c8                USB_ReadDevOutEPInterrupt
 .text.USB_ReadDevInEPInterrupt
                0x000000000800a9da       0x24 ./Drivers/STM32F4xx_HAL_Driver/Src/stm32f4xx_ll_usb.o
                0x000000000800a9da                USB_ReadDevInEPInterrupt
 .text.USB_GetMode
                0x000000000800a9fe        0x8 ./Drivers/STM32F4xx_HAL_Driver/Src/stm32f4xx_ll_usb.o
                0x000000000800a9fe                USB_GetMode
 .text.USB_ActivateSetup
                0x000000000800aa06       0x20 ./Drivers/STM32F4xx_HAL_Driver/Src/stm32f4xx_ll_usb.o
                0x000000000800aa06                USB_ActivateSetup
 *fill*         0x000000000800aa26        0x2 
 .text.USB_EP0_OutStart
                0x000000000800aa28       0x4c ./Drivers/STM32F4xx_HAL_Driver/Src/stm32f4xx_ll_usb.o
                0x000000000800aa28                USB_EP0_OutStart
 .text.USBD_CDC_EP0_RxReady
                0x000000000800aa74       0x28 ./Middlewares/ST/STM32_USB_Device_Library/Class/CDC/Src/usbd_cdc.o
 .text.USBD_CDC_GetFSCfgDesc
                0x000000000800aa9c        0xc ./Middlewares/ST/STM32_USB_Device_Library/Class/CDC/Src/usbd_cdc.o
 .text.USBD_CDC_GetHSCfgDesc
                0x000000000800aaa8        0xc ./Middlewares/ST/STM32_USB_Device_Library/Class/CDC/Src/usbd_cdc.o
 .text.USBD_CDC_GetOtherSpeedCfgDesc
                0x000000000800aab4        0xc ./Middlewares/ST/STM32_USB_Device_Library/Class/CDC/Src/usbd_cdc.o
 .text.USBD_CDC_GetDeviceQualifierDescriptor
                0x000000000800aac0        0xc ./Middlewares/ST/STM32_USB_Device_Library/Class/CDC/Src/usbd_cdc.o
                0x000000000800aac0                USBD_CDC_GetDeviceQualifierDescriptor
 .text.USBD_CDC_DataOut
                0x000000000800aacc       0x2a ./Middlewares/ST/STM32_USB_Device_Library/Class/CDC/Src/usbd_cdc.o
 .text.USBD_CDC_DataIn
                0x000000000800aaf6       0x58 ./Middlewares/ST/STM32_USB_Device_Library/Class/CDC/Src/usbd_cdc.o
 *fill*         0x000000000800ab4e        0x2 
 .text.USBD_CDC_Setup
                0x000000000800ab50       0xf0 ./Middlewares/ST/STM32_USB_Device_Library/Class/CDC/Src/usbd_cdc.o
 .text.USBD_CDC_DeInit
                0x000000000800ac40       0x42 ./Middlewares/ST/STM32_USB_Device_Library/Class/CDC/Src/usbd_cdc.o
 .text.USBD_CDC_Init
                0x000000000800ac82       0xb0 ./Middlewares/ST/STM32_USB_Device_Library/Class/CDC/Src/usbd_cdc.o
 .text.USBD_CDC_RegisterInterface
                0x000000000800ad32        0xe ./Middlewares/ST/STM32_USB_Device_Library/Class/CDC/Src/usbd_cdc.o
                0x000000000800ad32                USBD_CDC_RegisterInterface
 .text.USBD_CDC_SetTxBuffer
                0x000000000800ad40       0x10 ./Middlewares/ST/STM32_USB_Device_Library/Class/CDC/Src/usbd_cdc.o
                0x000000000800ad40                USBD_CDC_SetTxBuffer
 .text.USBD_CDC_SetRxBuffer
                0x000000000800ad50        0xc ./Middlewares/ST/STM32_USB_Device_Library/Class/CDC/Src/usbd_cdc.o
                0x000000000800ad50                USBD_CDC_SetRxBuffer
 .text.USBD_CDC_TransmitPacket
                0x000000000800ad5c       0x30 ./Middlewares/ST/STM32_USB_Device_Library/Class/CDC/Src/usbd_cdc.o
                0x000000000800ad5c                USBD_CDC_TransmitPacket
 .text.USBD_CDC_ReceivePacket
                0x000000000800ad8c       0x2e ./Middlewares/ST/STM32_USB_Device_Library/Class/CDC/Src/usbd_cdc.o
                0x000000000800ad8c                USBD_CDC_ReceivePacket
 .text.USBD_Init
                0x000000000800adba       0x30 ./Middlewares/ST/STM32_USB_Device_Library/Core/Src/usbd_core.o
                0x000000000800adba                USBD_Init
 .text.USBD_RegisterClass
                0x000000000800adea       0x26 ./Middlewares/ST/STM32_USB_Device_Library/Core/Src/usbd_core.o
                0x000000000800adea                USBD_RegisterClass
 .text.USBD_Start
                0x000000000800ae10        0x4 ./Middlewares/ST/STM32_USB_Device_Library/Core/Src/usbd_core.o
                0x000000000800ae10                USBD_Start
 .text.USBD_SetClassConfig
                0x000000000800ae14        0xe ./Middlewares/ST/STM32_USB_Device_Library/Core/Src/usbd_core.o
                0x000000000800ae14                USBD_SetClassConfig
 .text.USBD_ClrClassConfig
                0x000000000800ae22       0x10 ./Middlewares/ST/STM32_USB_Device_Library/Core/Src/usbd_core.o
                0x000000000800ae22                USBD_ClrClassConfig
 .text.USBD_LL_SetupStage
                0x000000000800ae32       0x60 ./Middlewares/ST/STM32_USB_Device_Library/Core/Src/usbd_core.o
                0x000000000800ae32                USBD_LL_SetupStage
 .text.USBD_LL_DataOutStage
                0x000000000800ae92       0x64 ./Middlewares/ST/STM32_USB_Device_Library/Core/Src/usbd_core.o
                0x000000000800ae92                USBD_LL_DataOutStage
 .text.USBD_LL_DataInStage
                0x000000000800aef6       0x9c ./Middlewares/ST/STM32_USB_Device_Library/Core/Src/usbd_core.o
                0x000000000800aef6                USBD_LL_DataInStage
 .text.USBD_LL_Reset
                0x000000000800af92       0x50 ./Middlewares/ST/STM32_USB_Device_Library/Core/Src/usbd_core.o
                0x000000000800af92                USBD_LL_Reset
 .text.USBD_LL_SetSpeed
                0x000000000800afe2        0x6 ./Middlewares/ST/STM32_USB_Device_Library/Core/Src/usbd_core.o
                0x000000000800afe2                USBD_LL_SetSpeed
 .text.USBD_LL_Suspend
                0x000000000800afe8       0x12 ./Middlewares/ST/STM32_USB_Device_Library/Core/Src/usbd_core.o
                0x000000000800afe8                USBD_LL_Suspend
 .text.USBD_LL_Resume
                0x000000000800affa       0x14 ./Middlewares/ST/STM32_USB_Device_Library/Core/Src/usbd_core.o
                0x000000000800affa                USBD_LL_Resume
 .text.USBD_LL_SOF
                0x000000000800b00e       0x18 ./Middlewares/ST/STM32_USB_Device_Library/Core/Src/usbd_core.o
                0x000000000800b00e                USBD_LL_SOF
 .text.USBD_LL_IsoINIncomplete
                0x000000000800b026        0x4 ./Middlewares/ST/STM32_USB_Device_Library/Core/Src/usbd_core.o
                0x000000000800b026                USBD_LL_IsoINIncomplete
 .text.USBD_LL_IsoOUTIncomplete
                0x000000000800b02a        0x4 ./Middlewares/ST/STM32_USB_Device_Library/Core/Src/usbd_core.o
                0x000000000800b02a                USBD_LL_IsoOUTIncomplete
 .text.USBD_LL_DevConnected
                0x000000000800b02e        0x4 ./Middlewares/ST/STM32_USB_Device_Library/Core/Src/usbd_core.o
                0x000000000800b02e                USBD_LL_DevConnected
 .text.USBD_LL_DevDisconnected
                0x000000000800b032       0x18 ./Middlewares/ST/STM32_USB_Device_Library/Core/Src/usbd_core.o
                0x000000000800b032                USBD_LL_DevDisconnected
 .text.USBD_CtlError.constprop.0
                0x000000000800b04a       0x16 ./Middlewares/ST/STM32_USB_Device_Library/Core/Src/usbd_ctlreq.o
 .text.USBD_StdDevReq
                0x000000000800b060      0x284 ./Middlewares/ST/STM32_USB_Device_Library/Core/Src/usbd_ctlreq.o
                0x000000000800b060                USBD_StdDevReq
 .text.USBD_StdItfReq
                0x000000000800b2e4       0x4c ./Middlewares/ST/STM32_USB_Device_Library/Core/Src/usbd_ctlreq.o
                0x000000000800b2e4                USBD_StdItfReq
 .text.USBD_StdEPReq
                0x000000000800b330      0x128 ./Middlewares/ST/STM32_USB_Device_Library/Core/Src/usbd_ctlreq.o
                0x000000000800b330                USBD_StdEPReq
 .text.USBD_ParseSetupRequest
                0x000000000800b458       0x16 ./Middlewares/ST/STM32_USB_Device_Library/Core/Src/usbd_ctlreq.o
                0x000000000800b458                USBD_ParseSetupRequest
 .text.USBD_CtlError
                0x000000000800b46e       0x16 ./Middlewares/ST/STM32_USB_Device_Library/Core/Src/usbd_ctlreq.o
                0x000000000800b46e                USBD_CtlError
 .text.USBD_GetString
                0x000000000800b484       0x38 ./Middlewares/ST/STM32_USB_Device_Library/Core/Src/usbd_ctlreq.o
                0x000000000800b484                USBD_GetString
 .text.USBD_CtlSendData
                0x000000000800b4bc       0x1a ./Middlewares/ST/STM32_USB_Device_Library/Core/Src/usbd_ioreq.o
                0x000000000800b4bc                USBD_CtlSendData
 .text.USBD_CtlContinueSendData
                0x000000000800b4d6       0x10 ./Middlewares/ST/STM32_USB_Device_Library/Core/Src/usbd_ioreq.o
                0x000000000800b4d6                USBD_CtlContinueSendData
 .text.USBD_CtlPrepareRx
                0x000000000800b4e6       0x1a ./Middlewares/ST/STM32_USB_Device_Library/Core/Src/usbd_ioreq.o
                0x000000000800b4e6                USBD_CtlPrepareRx
 .text.USBD_CtlContinueRx
                0x000000000800b500       0x10 ./Middlewares/ST/STM32_USB_Device_Library/Core/Src/usbd_ioreq.o
                0x000000000800b500                USBD_CtlContinueRx
 .text.USBD_CtlSendStatus
                0x000000000800b510       0x16 ./Middlewares/ST/STM32_USB_Device_Library/Core/Src/usbd_ioreq.o
                0x000000000800b510                USBD_CtlSendStatus
 .text.USBD_CtlReceiveStatus
                0x000000000800b526       0x16 ./Middlewares/ST/STM32_USB_Device_Library/Core/Src/usbd_ioreq.o
                0x000000000800b526                USBD_CtlReceiveStatus
 .text.__enable_irq
                0x000000000800b53c        0x4 ./Src/driver.o
 .text.__disable_irq
                0x000000000800b540        0x4 ./Src/driver.o
 .text.stepperEnable
                0x000000000800b544       0x1c ./Src/driver.o
 .text.stepperWakeUp
                0x000000000800b560       0x24 ./Src/driver.o
 .text.stepperGoIdle
                0x000000000800b584       0x14 ./Src/driver.o
 .text.stepperCyclesPerTick
                0x000000000800b598       0x18 ./Src/driver.o
 .text.stepperPulseStart
                0x000000000800b5b0       0x58 ./Src/driver.o
 .text.limitsGetState
                0x000000000800b608       0x8c ./Src/driver.o
 .text.systemGetState
                0x000000000800b694       0x30 ./Src/driver.o
 .text.probeConfigure
                0x000000000800b6c4       0x34 ./Src/driver.o
 .text.probeGetState
                0x000000000800b6f8       0x28 ./Src/driver.o
                0x000000000800b6f8                probeGetState
 .text.spindle_on
                0x000000000800b720       0x1c ./Src/driver.o
 .text.spindleGetState
                0x000000000800b73c       0x24 ./Src/driver.o
 .text.coolantSetState
                0x000000000800b760       0x24 ./Src/driver.o
 .text.coolantGetState
                0x000000000800b784       0x28 ./Src/driver.o
 .text.bitsSetAtomic
                0x000000000800b7ac        0xc ./Src/driver.o
 .text.bitsClearAtomic
                0x000000000800b7b8       0x12 ./Src/driver.o
 .text.valueSetAtomic
                0x000000000800b7ca        0xc ./Src/driver.o
 *fill*         0x000000000800b7d6        0x2 
 .text.getElapsedTicks
                0x000000000800b7d8        0xc ./Src/driver.o
 .text.port2char
                0x000000000800b7e4       0x48 ./Src/driver.o
 .text.enumeratePins
                0x000000000800b82c       0xd8 ./Src/driver.o
 .text.setPeriphPinDescription
                0x000000000800b904       0x20 ./Src/driver.o
                0x000000000800b904                setPeriphPinDescription
 .text.spindleConfig
                0x000000000800b924      0x190 ./Src/driver.o
                0x000000000800b924                spindleConfig
 .text.spindleGetPWM
                0x000000000800bab4        0xc ./Src/driver.o
 .text.registerPeriphPin
                0x000000000800bac0       0x44 ./Src/driver.o
                0x000000000800bac0                registerPeriphPin
 .text.motor_iterator
                0x000000000800bb04       0x1e ./Src/driver.o
 *fill*         0x000000000800bb22        0x2 
 .text.limitsEnable
                0x000000000800bb24       0x28 ./Src/driver.o
 .text.settings_changed
                0x000000000800bb4c      0x4c0 ./Src/driver.o
                0x000000000800bb4c                settings_changed
 .text.driver_delay
                0x000000000800c00c       0x34 ./Src/driver.o
 .text.stepperPulseStartDelayed
                0x000000000800c040       0x74 ./Src/driver.o
 .text.driver_setup
                0x000000000800c0b4      0x2b0 ./Src/driver.o
 .text.spindleSetState
                0x000000000800c364       0x30 ./Src/driver.o
 .text.spindle_set_speed
                0x000000000800c394       0x60 ./Src/driver.o
 .text.spindleSetStateVariable
                0x000000000800c3f4       0x60 ./Src/driver.o
 .text.driver_init
                0x000000000800c454      0x238 ./Src/driver.o
                0x000000000800c454                driver_init
 .text.TIM5_IRQHandler
                0x000000000800c68c       0x20 ./Src/driver.o
                0x000000000800c68c                TIM5_IRQHandler
 .text.TIM4_IRQHandler
                0x000000000800c6ac       0x70 ./Src/driver.o
                0x000000000800c6ac                TIM4_IRQHandler
 .text.TIM1_BRK_TIM9_IRQHandler
                0x000000000800c71c       0x60 ./Src/driver.o
                0x000000000800c71c                TIM1_BRK_TIM9_IRQHandler
 .text.EXTI1_IRQHandler
                0x000000000800c77c       0x54 ./Src/driver.o
                0x000000000800c77c                EXTI1_IRQHandler
 .text.EXTI2_IRQHandler
                0x000000000800c7d0       0x54 ./Src/driver.o
                0x000000000800c7d0                EXTI2_IRQHandler
 .text.EXTI3_IRQHandler
                0x000000000800c824       0x28 ./Src/driver.o
                0x000000000800c824                EXTI3_IRQHandler
 .text.EXTI9_5_IRQHandler
                0x000000000800c84c       0x30 ./Src/driver.o
                0x000000000800c84c                EXTI9_5_IRQHandler
 .text.EXTI15_10_IRQHandler
                0x000000000800c87c       0x5c ./Src/driver.o
                0x000000000800c87c                EXTI15_10_IRQHandler
 .text.Driver_IncTick
                0x000000000800c8d8       0x20 ./Src/driver.o
                0x000000000800c8d8                Driver_IncTick
 .text.memcpy_from_flash
                0x000000000800c8f8       0x1c ./Src/flash.o
                0x000000000800c8f8                memcpy_from_flash
 .text.memcpy_to_flash
                0x000000000800c914       0x74 ./Src/flash.o
                0x000000000800c914                memcpy_to_flash
 .text.startup.main
                0x000000000800c988      0x118 ./Src/main.o
                0x000000000800c988                main
 .text.Error_Handler
                0x000000000800caa0        0x2 ./Src/main.o
                0x000000000800caa0                Error_Handler
 *fill*         0x000000000800caa2        0x2 
 .text.serialRxFree
                0x000000000800caa4       0x20 ./Src/serial.o
 .text.serialRxCount
                0x000000000800cac4       0x18 ./Src/serial.o
 .text.serialRxFlush
                0x000000000800cadc        0xc ./Src/serial.o
 .text.serialRxCancel
                0x000000000800cae8       0x20 ./Src/serial.o
 .text.serialPutC
                0x000000000800cb08       0x44 ./Src/serial.o
 .text.serialWriteS
                0x000000000800cb4c       0x12 ./Src/serial.o
 .text.serialWrite
                0x000000000800cb5e       0x16 ./Src/serial.o
 .text.serialTxFlush
                0x000000000800cb74       0x1c ./Src/serial.o
 .text.serialTxCount
                0x000000000800cb90       0x2c ./Src/serial.o
 .text.serialGetC
                0x000000000800cbbc       0x24 ./Src/serial.o
 .text.serialEnqueueRtCommand
                0x000000000800cbe0        0xc ./Src/serial.o
 .text.serialSetRtHandler
                0x000000000800cbec       0x10 ./Src/serial.o
 .text.serialSetBaudRate
                0x000000000800cbfc       0xd8 ./Src/serial.o
 .text.serialInit
                0x000000000800ccd4       0xa8 ./Src/serial.o
                0x000000000800ccd4                serialInit
 .text.serialSuspendInput
                0x000000000800cd7c        0xc ./Src/serial.o
 .text.serialDisable
                0x000000000800cd88       0x1c ./Src/serial.o
 .text.serialRegisterStreams
                0x000000000800cda4        0xc ./Src/serial.o
                0x000000000800cda4                serialRegisterStreams
 .text.USART1_IRQHandler
                0x000000000800cdb0       0x74 ./Src/serial.o
                0x000000000800cdb0                USART1_IRQHandler
 .text.HAL_MspInit
                0x000000000800ce24       0x3c ./Src/stm32f4xx_hal_msp.o
                0x000000000800ce24                HAL_MspInit
 .text.NMI_Handler
                0x000000000800ce60        0x2 ./Src/stm32f4xx_it.o
                0x000000000800ce60                NMI_Handler
 .text.HardFault_Handler
                0x000000000800ce62        0x2 ./Src/stm32f4xx_it.o
                0x000000000800ce62                HardFault_Handler
 .text.MemManage_Handler
                0x000000000800ce64        0x2 ./Src/stm32f4xx_it.o
                0x000000000800ce64                MemManage_Handler
 .text.BusFault_Handler
                0x000000000800ce66        0x2 ./Src/stm32f4xx_it.o
                0x000000000800ce66                BusFault_Handler
 .text.UsageFault_Handler
                0x000000000800ce68        0x2 ./Src/stm32f4xx_it.o
                0x000000000800ce68                UsageFault_Handler
 .text.SVC_Handler
                0x000000000800ce6a        0x2 ./Src/stm32f4xx_it.o
                0x000000000800ce6a                SVC_Handler
 .text.DebugMon_Handler
                0x000000000800ce6c        0x2 ./Src/stm32f4xx_it.o
                0x000000000800ce6c                DebugMon_Handler
 .text.PendSV_Handler
                0x000000000800ce6e        0x2 ./Src/stm32f4xx_it.o
                0x000000000800ce6e                PendSV_Handler
 .text.SysTick_Handler
                0x000000000800ce70        0xe ./Src/stm32f4xx_it.o
                0x000000000800ce70                SysTick_Handler
 *fill*         0x000000000800ce7e        0x2 
 .text.OTG_FS_IRQHandler
                0x000000000800ce80        0xc ./Src/stm32f4xx_it.o
                0x000000000800ce80                OTG_FS_IRQHandler
 .text._getpid  0x000000000800ce8c        0x4 ./Src/syscalls.o
                0x000000000800ce8c                _getpid
 .text._kill    0x000000000800ce90       0x10 ./Src/syscalls.o
                0x000000000800ce90                _kill
 .text._exit    0x000000000800cea0        0xc ./Src/syscalls.o
                0x000000000800cea0                _exit
 .text._read    0x000000000800ceac       0x1c ./Src/syscalls.o
                0x000000000800ceac                _read
 .text._write   0x000000000800cec8       0x1c ./Src/syscalls.o
                0x000000000800cec8                _write
 .text._close   0x000000000800cee4        0x6 ./Src/syscalls.o
                0x000000000800cee4                _close
 .text._fstat   0x000000000800ceea        0xa ./Src/syscalls.o
                0x000000000800ceea                _fstat
 .text._isatty  0x000000000800cef4        0x4 ./Src/syscalls.o
                0x000000000800cef4                _isatty
 .text._lseek   0x000000000800cef8        0x4 ./Src/syscalls.o
                0x000000000800cef8                _lseek
 .text._sbrk    0x000000000800cefc       0x34 ./Src/sysmem.o
                0x000000000800cefc                _sbrk
 .text.SystemInit
                0x000000000800cf30       0x1c ./Src/system_stm32f4xx.o
                0x000000000800cf30                SystemInit
 .text.usbRxFree
                0x000000000800cf4c       0x1c ./Src/usb_serial.o
 .text.usbRxFlush
                0x000000000800cf68        0xc ./Src/usb_serial.o
 .text.usbRxCancel
                0x000000000800cf74       0x20 ./Src/usb_serial.o
 .text.usbGetC  0x000000000800cf94       0x24 ./Src/usb_serial.o
 .text.usbEnqueueRtCommand
                0x000000000800cfb8        0xc ./Src/usb_serial.o
 .text.usbSetRtHandler
                0x000000000800cfc4       0x10 ./Src/usb_serial.o
 .text.usbPutC  0x000000000800cfd4       0x2c ./Src/usb_serial.o
 .text.usbSuspendInput
                0x000000000800d000        0xc ./Src/usb_serial.o
 .text.usb_write
                0x000000000800d00c       0x84 ./Src/usb_serial.o
 .text.usbWriteS
                0x000000000800d090       0x70 ./Src/usb_serial.o
 .text.usbWrite
                0x000000000800d100       0x64 ./Src/usb_serial.o
 .text.usbInit  0x000000000800d164       0x20 ./Src/usb_serial.o
                0x000000000800d164                usbInit
 .text.usbBufferInput
                0x000000000800d184       0x4c ./Src/usb_serial.o
                0x000000000800d184                usbBufferInput
 .text.Reset_Handler
                0x000000000800d1d0       0x50 ./Startup/startup_stm32f401ccux.o
                0x000000000800d1d0                Reset_Handler
 .text.Default_Handler
                0x000000000800d220        0x2 ./Startup/startup_stm32f401ccux.o
                0x000000000800d220                RTC_Alarm_IRQHandler
                0x000000000800d220                SPI4_IRQHandler
                0x000000000800d220                TIM1_CC_IRQHandler
                0x000000000800d220                DMA2_Stream5_IRQHandler
                0x000000000800d220                DMA1_Stream5_IRQHandler
                0x000000000800d220                PVD_IRQHandler
                0x000000000800d220                SDIO_IRQHandler
                0x000000000800d220                TAMP_STAMP_IRQHandler
                0x000000000800d220                TIM1_UP_TIM10_IRQHandler
                0x000000000800d220                I2C3_ER_IRQHandler
                0x000000000800d220                EXTI0_IRQHandler
                0x000000000800d220                I2C2_EV_IRQHandler
                0x000000000800d220                DMA1_Stream2_IRQHandler
                0x000000000800d220                FPU_IRQHandler
                0x000000000800d220                DMA2_Stream2_IRQHandler
                0x000000000800d220                SPI1_IRQHandler
                0x000000000800d220                DMA2_Stream3_IRQHandler
                0x000000000800d220                USART6_IRQHandler
                0x000000000800d220                DMA2_Stream0_IRQHandler
                0x000000000800d220                I2C1_EV_IRQHandler
                0x000000000800d220                DMA1_Stream6_IRQHandler
                0x000000000800d220                DMA1_Stream1_IRQHandler
                0x000000000800d220                TIM3_IRQHandler
                0x000000000800d220                RCC_IRQHandler
                0x000000000800d220                Default_Handler
                0x000000000800d220                ADC_IRQHandler
                0x000000000800d220                DMA1_Stream7_IRQHandler
                0x000000000800d220                TIM7_IRQHandler
                0x000000000800d220                DMA2_Stream7_IRQHandler
                0x000000000800d220                I2C3_EV_IRQHandler
                0x000000000800d220                RTC_WKUP_IRQHandler
                0x000000000800d220                SPI2_IRQHandler
                0x000000000800d220                DMA1_Stream0_IRQHandler
                0x000000000800d220                EXTI4_IRQHandler
                0x000000000800d220                WWDG_IRQHandler
                0x000000000800d220                TIM2_IRQHandler
                0x000000000800d220                OTG_FS_WKUP_IRQHandler
                0x000000000800d220                TIM1_TRG_COM_TIM11_IRQHandler
                0x000000000800d220                USART2_IRQHandler
                0x000000000800d220                I2C2_ER_IRQHandler
                0x000000000800d220                DMA2_Stream1_IRQHandler
                0x000000000800d220                FLASH_IRQHandler
                0x000000000800d220                DMA2_Stream4_IRQHandler
                0x000000000800d220                SPI3_IRQHandler
                0x000000000800d220                DMA1_Stream4_IRQHandler
                0x000000000800d220                I2C1_ER_IRQHandler
                0x000000000800d220                DMA2_Stream6_IRQHandler
                0x000000000800d220                DMA1_Stream3_IRQHandler
 *fill*         0x000000000800d222        0x2 
 .text.MX_USB_DEVICE_Init
                0x000000000800d224       0x50 ./USB_DEVICE/App/usb_device.o
                0x000000000800d224                MX_USB_DEVICE_Init
 .text.CDC_DeInit_FS
                0x000000000800d274        0x4 ./USB_DEVICE/App/usbd_cdc_if.o
 .text.CDC_Control_FS
                0x000000000800d278        0x4 ./USB_DEVICE/App/usbd_cdc_if.o
 .text.CDC_TransmitCplt_FS
                0x000000000800d27c        0x4 ./USB_DEVICE/App/usbd_cdc_if.o
 .text.CDC_Receive_FS
                0x000000000800d280       0x24 ./USB_DEVICE/App/usbd_cdc_if.o
 .text.CDC_Init_FS
                0x000000000800d2a4       0x28 ./USB_DEVICE/App/usbd_cdc_if.o
 .text.CDC_Transmit_FS
                0x000000000800d2cc       0x2c ./USB_DEVICE/App/usbd_cdc_if.o
                0x000000000800d2cc                CDC_Transmit_FS
 .text.USBD_FS_DeviceDescriptor
                0x000000000800d2f8        0xc ./USB_DEVICE/App/usbd_desc.o
                0x000000000800d2f8                USBD_FS_DeviceDescriptor
 .text.USBD_FS_LangIDStrDescriptor
                0x000000000800d304        0xc ./USB_DEVICE/App/usbd_desc.o
                0x000000000800d304                USBD_FS_LangIDStrDescriptor
 .text.IntToUnicode
                0x000000000800d310       0x2a ./USB_DEVICE/App/usbd_desc.o
 *fill*         0x000000000800d33a        0x2 
 .text.USBD_FS_SerialStrDescriptor
                0x000000000800d33c       0x3c ./USB_DEVICE/App/usbd_desc.o
                0x000000000800d33c                USBD_FS_SerialStrDescriptor
 .text.USBD_FS_ManufacturerStrDescriptor
                0x000000000800d378       0x1c ./USB_DEVICE/App/usbd_desc.o
                0x000000000800d378                USBD_FS_ManufacturerStrDescriptor
 .text.USBD_FS_ProductStrDescriptor
                0x000000000800d394       0x1c ./USB_DEVICE/App/usbd_desc.o
                0x000000000800d394                USBD_FS_ProductStrDescriptor
 .text.USBD_FS_ConfigStrDescriptor
                0x000000000800d3b0       0x1c ./USB_DEVICE/App/usbd_desc.o
                0x000000000800d3b0                USBD_FS_ConfigStrDescriptor
 .text.USBD_FS_InterfaceStrDescriptor
                0x000000000800d3cc       0x1c ./USB_DEVICE/App/usbd_desc.o
                0x000000000800d3cc                USBD_FS_InterfaceStrDescriptor
 .text.HAL_PCD_MspInit
                0x000000000800d3e8       0x84 ./USB_DEVICE/Target/usbd_conf.o
                0x000000000800d3e8                HAL_PCD_MspInit
 .text.HAL_PCD_SetupStageCallback
                0x000000000800d46c        0xc ./USB_DEVICE/Target/usbd_conf.o
                0x000000000800d46c                HAL_PCD_SetupStageCallback
 .text.HAL_PCD_DataOutStageCallback
                0x000000000800d478       0x12 ./USB_DEVICE/Target/usbd_conf.o
                0x000000000800d478                HAL_PCD_DataOutStageCallback
 .text.HAL_PCD_DataInStageCallback
                0x000000000800d48a       0x10 ./USB_DEVICE/Target/usbd_conf.o
                0x000000000800d48a                HAL_PCD_DataInStageCallback
 .text.HAL_PCD_SOFCallback
                0x000000000800d49a        0x8 ./USB_DEVICE/Target/usbd_conf.o
                0x000000000800d49a                HAL_PCD_SOFCallback
 .text.HAL_PCD_ResetCallback
                0x000000000800d4a2       0x24 ./USB_DEVICE/Target/usbd_conf.o
                0x000000000800d4a2                HAL_PCD_ResetCallback
 *fill*         0x000000000800d4c6        0x2 
 .text.HAL_PCD_SuspendCallback
                0x000000000800d4c8       0x30 ./USB_DEVICE/Target/usbd_conf.o
                0x000000000800d4c8                HAL_PCD_SuspendCallback
 .text.HAL_PCD_ResumeCallback
                0x000000000800d4f8        0x8 ./USB_DEVICE/Target/usbd_conf.o
                0x000000000800d4f8                HAL_PCD_ResumeCallback
 .text.HAL_PCD_ISOOUTIncompleteCallback
                0x000000000800d500        0x8 ./USB_DEVICE/Target/usbd_conf.o
                0x000000000800d500                HAL_PCD_ISOOUTIncompleteCallback
 .text.HAL_PCD_ISOINIncompleteCallback
                0x000000000800d508        0x8 ./USB_DEVICE/Target/usbd_conf.o
                0x000000000800d508                HAL_PCD_ISOINIncompleteCallback
 .text.HAL_PCD_ConnectCallback
                0x000000000800d510        0x8 ./USB_DEVICE/Target/usbd_conf.o
                0x000000000800d510                HAL_PCD_ConnectCallback
 .text.HAL_PCD_DisconnectCallback
                0x000000000800d518        0x8 ./USB_DEVICE/Target/usbd_conf.o
                0x000000000800d518                HAL_PCD_DisconnectCallback
 .text.USBD_LL_Init
                0x000000000800d520       0x5c ./USB_DEVICE/Target/usbd_conf.o
                0x000000000800d520                USBD_LL_Init
 .text.USBD_LL_IsStallEP
                0x000000000800d57c       0x26 ./USB_DEVICE/Target/usbd_conf.o
                0x000000000800d57c                USBD_LL_IsStallEP
 .text.USBD_LL_GetRxDataSize
                0x000000000800d5a2        0x8 ./USB_DEVICE/Target/usbd_conf.o
                0x000000000800d5a2                USBD_LL_GetRxDataSize
 *fill*         0x000000000800d5aa        0x2 
 .text.USBD_Get_USB_Status
                0x000000000800d5ac       0x10 ./USB_DEVICE/Target/usbd_conf.o
                0x000000000800d5ac                USBD_Get_USB_Status
 .text.USBD_LL_Start
                0x000000000800d5bc       0x12 ./USB_DEVICE/Target/usbd_conf.o
                0x000000000800d5bc                USBD_LL_Start
 .text.USBD_LL_OpenEP
                0x000000000800d5ce       0x18 ./USB_DEVICE/Target/usbd_conf.o
                0x000000000800d5ce                USBD_LL_OpenEP
 .text.USBD_LL_CloseEP
                0x000000000800d5e6       0x12 ./USB_DEVICE/Target/usbd_conf.o
                0x000000000800d5e6                USBD_LL_CloseEP
 .text.USBD_LL_StallEP
                0x000000000800d5f8       0x12 ./USB_DEVICE/Target/usbd_conf.o
                0x000000000800d5f8                USBD_LL_StallEP
 .text.USBD_LL_ClearStallEP
                0x000000000800d60a       0x12 ./USB_DEVICE/Target/usbd_conf.o
                0x000000000800d60a                USBD_LL_ClearStallEP
 .text.USBD_LL_SetUSBAddress
                0x000000000800d61c       0x12 ./USB_DEVICE/Target/usbd_conf.o
                0x000000000800d61c                USBD_LL_SetUSBAddress
 .text.USBD_LL_Transmit
                0x000000000800d62e       0x12 ./USB_DEVICE/Target/usbd_conf.o
                0x000000000800d62e                USBD_LL_Transmit
 .text.USBD_LL_PrepareReceive
                0x000000000800d640       0x12 ./USB_DEVICE/Target/usbd_conf.o
                0x000000000800d640                USBD_LL_PrepareReceive
 *fill*         0x000000000800d652        0x2 
 .text.alarms_get_details
                0x000000000800d654        0x8 ./grbl/alarms.o
                0x000000000800d654                alarms_get_details
 .text.coolant_set_state
                0x000000000800d65c       0x28 ./grbl/coolant_control.o
                0x000000000800d65c                coolant_set_state
 .text.coolant_sync
                0x000000000800d684       0x22 ./grbl/coolant_control.o
                0x000000000800d684                coolant_sync
 *fill*         0x000000000800d6a6        0x2 
 .text.errors_get_details
                0x000000000800d6a8        0x8 ./grbl/errors.o
                0x000000000800d6a8                errors_get_details
 .text.init_sync_motion
                0x000000000800d6b0       0xa4 ./grbl/gcode.o
 .text.add_output_command.constprop.0.isra.0
                0x000000000800d754       0x34 ./grbl/gcode.o
 .text.gc_get_scaling
                0x000000000800d788        0x8 ./grbl/gcode.o
                0x000000000800d788                gc_get_scaling
 .text.gc_get_g51_state
                0x000000000800d790       0x30 ./grbl/gcode.o
                0x000000000800d790                gc_get_g51_state
 .text.set_scaling.constprop.0
                0x000000000800d7c0       0x50 ./grbl/gcode.o
 .text.gc_get_offset
                0x000000000800d810       0x20 ./grbl/gcode.o
                0x000000000800d810                gc_get_offset
 .text.gc_set_tool_offset
                0x000000000800d830       0xa4 ./grbl/gcode.o
                0x000000000800d830                gc_set_tool_offset
 .text.gc_get_plane_data
                0x000000000800d8d4       0x26 ./grbl/gcode.o
                0x000000000800d8d4                gc_get_plane_data
 *fill*         0x000000000800d8fa        0x2 
 .text.gc_init  0x000000000800d8fc       0xd0 ./grbl/gcode.o
                0x000000000800d8fc                gc_init
 .text.gc_spindle_off
                0x000000000800d9cc       0x3c ./grbl/gcode.o
                0x000000000800d9cc                gc_spindle_off
 .text.gc_coolant_off
                0x000000000800da08       0x2c ./grbl/gcode.o
                0x000000000800da08                gc_coolant_off
 .text.gc_normalize_block
                0x000000000800da34       0xf0 ./grbl/gcode.o
                0x000000000800da34                gc_normalize_block
 .text.gc_execute_block
                0x000000000800db24     0x2950 ./grbl/gcode.o
                0x000000000800db24                gc_execute_block
 .text.dummy_bool_handler
                0x0000000008010474        0x2 ./grbl/grbllib.o
                0x0000000008010474                dummy_bool_handler
 .text.dummy_irq_claim
                0x0000000008010476        0x4 ./grbl/grbllib.o
 *fill*         0x000000000801047a        0x2 
 .text.report_driver_error
                0x000000000801047c       0x44 ./grbl/grbllib.o
 .text.grbl_enter
                0x00000000080104c0      0x2c0 ./grbl/grbllib.o
                0x00000000080104c0                grbl_enter
 .text.limits_pull_off
                0x0000000008010780      0x14c ./grbl/machine_limits.o
 .text.limit_signals_merge
                0x00000000080108cc       0x18 ./grbl/machine_limits.o
                0x00000000080108cc                limit_signals_merge
 .text.limit_interrupt_handler
                0x00000000080108e4       0x3c ./grbl/machine_limits.o
                0x00000000080108e4                limit_interrupt_handler
 .text.limits_set_machine_positions
                0x0000000008010920       0x90 ./grbl/machine_limits.o
                0x0000000008010920                limits_set_machine_positions
 .text.limits_go_home
                0x00000000080109b0      0x500 ./grbl/machine_limits.o
                0x00000000080109b0                limits_go_home
 .text.limits_soft_check
                0x0000000008010eb0       0x58 ./grbl/machine_limits.o
                0x0000000008010eb0                limits_soft_check
 .text.limits_set_homing_axes
                0x0000000008010f08       0x30 ./grbl/machine_limits.o
                0x0000000008010f08                limits_set_homing_axes
 .text.limits_homing_required
                0x0000000008010f38       0x3c ./grbl/machine_limits.o
                0x0000000008010f38                limits_homing_required
 .text.eval_bezier
                0x0000000008010f74       0x3a ./grbl/motion_control.o
 *fill*         0x0000000008010fae        0x2 
 .text.mc_line  0x0000000008010fb0       0x8c ./grbl/motion_control.o
                0x0000000008010fb0                mc_line
 *fill*         0x000000000801103c        0x4 
 .text.mc_arc   0x0000000008011040      0x3fc ./grbl/motion_control.o
                0x0000000008011040                mc_arc
 .text.mc_cubic_b_spline
                0x000000000801143c      0x204 ./grbl/motion_control.o
                0x000000000801143c                mc_cubic_b_spline
 .text.mc_thread
                0x0000000008011640      0x2e8 ./grbl/motion_control.o
                0x0000000008011640                mc_thread
 .text.mc_jog_execute
                0x0000000008011928       0x78 ./grbl/motion_control.o
                0x0000000008011928                mc_jog_execute
 .text.mc_dwell
                0x00000000080119a0       0x2e ./grbl/motion_control.o
                0x00000000080119a0                mc_dwell
 *fill*         0x00000000080119ce        0x2 
 .text.mc_canned_drill
                0x00000000080119d0      0x270 ./grbl/motion_control.o
                0x00000000080119d0                mc_canned_drill
 .text.mc_probe_cycle
                0x0000000008011c40      0x184 ./grbl/motion_control.o
                0x0000000008011c40                mc_probe_cycle
 .text.mc_parking_motion
                0x0000000008011dc4       0x38 ./grbl/motion_control.o
                0x0000000008011dc4                mc_parking_motion
 .text.mc_override_ctrl_update
                0x0000000008011dfc       0x18 ./grbl/motion_control.o
                0x0000000008011dfc                mc_override_ctrl_update
 .text.mc_reset
                0x0000000008011e14       0x98 ./grbl/motion_control.o
                0x0000000008011e14                mc_reset
 .text.mc_homing_cycle
                0x0000000008011eac      0x1e0 ./grbl/motion_control.o
                0x0000000008011eac                mc_homing_cycle
 .text.my_plugin_init
                0x000000000801208c        0x2 ./grbl/my_plugin.o
                0x000000000801208c                my_plugin_init
 *fill*         0x000000000801208e        0x2 
 .text.probe_coord
                0x0000000008012090       0x30 ./grbl/ngc_params.o
 .text.probe_result
                0x00000000080120c0       0x20 ./grbl/ngc_params.o
 .text.m66_result
                0x00000000080120e0       0x10 ./grbl/ngc_params.o
 .text.tool_number
                0x00000000080120f0       0x14 ./grbl/ngc_params.o
 .text.tool_offset
                0x0000000008012104       0x28 ./grbl/ngc_params.o
 .text.coord_system
                0x000000000801212c       0x14 ./grbl/ngc_params.o
 .text.g92_offset_applied
                0x0000000008012140       0x14 ./grbl/ngc_params.o
 .text.g92_offset
                0x0000000008012154       0x28 ./grbl/ngc_params.o
 .text.coord_system_offset
                0x000000000801217c       0x54 ./grbl/ngc_params.o
 .text.g30_home
                0x00000000080121d0       0x38 ./grbl/ngc_params.o
 .text.g28_home
                0x0000000008012208       0x38 ./grbl/ngc_params.o
 .text.scaling_factors
                0x0000000008012240       0x2c ./grbl/ngc_params.o
 .text._relative_pos.part.0
                0x000000000801226c       0x54 ./grbl/ngc_params.o
 .text.work_position
                0x00000000080122c0       0x20 ./grbl/ngc_params.o
 .text.ngc_param_get
                0x00000000080122e0       0x64 ./grbl/ngc_params.o
                0x00000000080122e0                ngc_param_get
 .text.ngc_named_param_get_by_id
                0x0000000008012344      0x1e8 ./grbl/ngc_params.o
                0x0000000008012344                ngc_named_param_get_by_id
 .text.ngc_named_param_get
                0x000000000801252c       0x8c ./grbl/ngc_params.o
                0x000000000801252c                ngc_named_param_get
 .text.uitoa    0x00000000080125b8       0x38 ./grbl/nuts_bolts.o
                0x00000000080125b8                uitoa
 .text.ftoa     0x00000000080125f0       0xf0 ./grbl/nuts_bolts.o
                0x00000000080125f0                ftoa
 .text.read_float
                0x00000000080126e0       0xc4 ./grbl/nuts_bolts.o
                0x00000000080126e0                read_float
 .text.isintf   0x00000000080127a4       0x34 ./grbl/nuts_bolts.o
                0x00000000080127a4                isintf
 .text.delay_sec
                0x00000000080127d8       0x4c ./grbl/nuts_bolts.o
                0x00000000080127d8                delay_sec
 .text.convert_delta_vector_to_unit_vector
                0x0000000008012824       0x48 ./grbl/nuts_bolts.o
                0x0000000008012824                convert_delta_vector_to_unit_vector
 .text.get_datetime
                0x000000000801286c      0x180 ./grbl/nuts_bolts.o
                0x000000000801286c                get_datetime
 .text.calc_checksum
                0x00000000080129ec       0x1e ./grbl/nuts_bolts.o
                0x00000000080129ec                calc_checksum
 .text.dummy_handler
                0x0000000008012a0a        0x2 ./grbl/nuts_bolts.o
                0x0000000008012a0a                dummy_handler
 .text.ram_get_byte
                0x0000000008012a0c        0xc ./grbl/nvs_buffer.o
 .text.ram_put_byte
                0x0000000008012a18       0x38 ./grbl/nvs_buffer.o
 .text.nvs_warning
                0x0000000008012a50        0xc ./grbl/nvs_buffer.o
 .text.memcpy_from_ram
                0x0000000008012a5c       0x80 ./grbl/nvs_buffer.o
 .text.memcpy_to_ram
                0x0000000008012adc      0x13c ./grbl/nvs_buffer.o
 .text.nvs_buffer_alloc
                0x0000000008012c18       0x28 ./grbl/nvs_buffer.o
                0x0000000008012c18                nvs_buffer_alloc
 .text.nvs_buffer_init
                0x0000000008012c40      0x114 ./grbl/nvs_buffer.o
                0x0000000008012c40                nvs_buffer_init
 .text.nvs_buffer_sync_physical
                0x0000000008012d54      0x180 ./grbl/nvs_buffer.o
                0x0000000008012d54                nvs_buffer_sync_physical
 .text.nvs_buffer_free
                0x0000000008012ed4       0x1c ./grbl/nvs_buffer.o
                0x0000000008012ed4                nvs_buffer_free
 .text.nvs_buffer_get_physical
                0x0000000008012ef0       0x20 ./grbl/nvs_buffer.o
                0x0000000008012ef0                nvs_buffer_get_physical
 .text.enqueue_feed_override
                0x0000000008012f10       0x20 ./grbl/override.o
                0x0000000008012f10                enqueue_feed_override
 .text.get_feed_override
                0x0000000008012f30       0x20 ./grbl/override.o
                0x0000000008012f30                get_feed_override
 .text.enqueue_accessory_override
                0x0000000008012f50       0x20 ./grbl/override.o
                0x0000000008012f50                enqueue_accessory_override
 .text.get_accessory_override
                0x0000000008012f70       0x20 ./grbl/override.o
                0x0000000008012f70                get_accessory_override
 .text.flush_override_buffers
                0x0000000008012f90       0x18 ./grbl/override.o
                0x0000000008012f90                flush_override_buffers
 .text.limit_acceleration_by_axis_maximum
                0x0000000008012fa8       0x44 ./grbl/planner.o
 .text.plan_cleanup
                0x0000000008012fec       0x20 ./grbl/planner.o
 .text.planner_recalculate
                0x000000000801300c      0x11c ./grbl/planner.o
 .text.plan_get_buffer_size
                0x0000000008013128        0xc ./grbl/planner.o
                0x0000000008013128                plan_get_buffer_size
 .text.plan_reset
                0x0000000008013134       0xb0 ./grbl/planner.o
                0x0000000008013134                plan_reset
 .text.plan_discard_current_block
                0x00000000080131e4       0x30 ./grbl/planner.o
                0x00000000080131e4                plan_discard_current_block
 .text.plan_get_system_motion_block
                0x0000000008013214        0xc ./grbl/planner.o
                0x0000000008013214                plan_get_system_motion_block
 .text.plan_get_current_block
                0x0000000008013220       0x18 ./grbl/planner.o
                0x0000000008013220                plan_get_current_block
 .text.plan_get_exec_block_exit_speed_sqr
                0x0000000008013238       0x24 ./grbl/planner.o
                0x0000000008013238                plan_get_exec_block_exit_speed_sqr
 .text.plan_check_full_buffer
                0x000000000801325c       0x18 ./grbl/planner.o
                0x000000000801325c                plan_check_full_buffer
 .text.plan_compute_profile_nominal_speed
                0x0000000008013274       0x9c ./grbl/planner.o
                0x0000000008013274                plan_compute_profile_nominal_speed
 .text.plan_update_velocity_profile_parameters
                0x0000000008013310       0x68 ./grbl/planner.o
                0x0000000008013310                plan_update_velocity_profile_parameters
 .text.plan_buffer_line
                0x0000000008013378      0x360 ./grbl/planner.o
                0x0000000008013378                plan_buffer_line
 .text.plan_sync_position
                0x00000000080136d8       0x18 ./grbl/planner.o
                0x00000000080136d8                plan_sync_position
 .text.plan_get_block_buffer_available
                0x00000000080136f0       0x38 ./grbl/planner.o
                0x00000000080136f0                plan_get_block_buffer_available
 .text.plan_cycle_reinitialize
                0x0000000008013728       0x20 ./grbl/planner.o
                0x0000000008013728                plan_cycle_reinitialize
 .text.plan_feed_override
                0x0000000008013748       0x4c ./grbl/planner.o
                0x0000000008013748                plan_feed_override
 .text.protocol_enqueue_gcode
                0x0000000008013794       0x60 ./grbl/protocol.o
                0x0000000008013794                protocol_enqueue_gcode
 .text.protocol_auto_cycle_start
                0x00000000080137f4       0x20 ./grbl/protocol.o
                0x00000000080137f4                protocol_auto_cycle_start
 .text.protocol_exec_rt_system
                0x0000000008013814      0x444 ./grbl/protocol.o
                0x0000000008013814                protocol_exec_rt_system
 .text.protocol_execute_realtime
                0x0000000008013c58       0xa0 ./grbl/protocol.o
                0x0000000008013c58                protocol_execute_realtime
 .text.protocol_main_loop
                0x0000000008013cf8      0x40c ./grbl/protocol.o
                0x0000000008013cf8                protocol_main_loop
 .text.protocol_buffer_synchronize
                0x0000000008014104       0x22 ./grbl/protocol.o
                0x0000000008014104                protocol_buffer_synchronize
 *fill*         0x0000000008014126        0x2 
 .text.protocol_enqueue_realtime_command
                0x0000000008014128      0x280 ./grbl/protocol.o
                0x0000000008014128                protocol_enqueue_realtime_command
 .text.protocol_enqueue_rt_command
                0x00000000080143a8       0x40 ./grbl/protocol.o
                0x00000000080143a8                protocol_enqueue_rt_command
 .text.protocol_execute_noop
                0x00000000080143e8        0x2 ./grbl/protocol.o
                0x00000000080143e8                protocol_execute_noop
 .text.matchstar
                0x00000000080143ea       0x26 ./grbl/regex.o
                0x00000000080143ea                matchstar
 .text.matchhere
                0x0000000008014410       0x4c ./grbl/regex.o
                0x0000000008014410                matchhere
 .text.axis_signals_tostring
                0x000000000801445c       0x24 ./grbl/report.o
 .text.control_signals_tostring
                0x0000000008014480       0x98 ./grbl/report.o
 .text.report_feedback_message
                0x0000000008014518       0x58 ./grbl/report.o
                0x0000000008014518                report_feedback_message
 .text.cmp_settings
                0x0000000008014570        0xc ./grbl/report.o
 .text.is_g92_active
                0x000000000801457c       0x44 ./grbl/report.o
 .text.write_quoted
                0x00000000080145c0       0x38 ./grbl/report.o
 .text.cmp_alarms
                0x00000000080145f8        0xc ./grbl/report.o
 .text.cmp_errors
                0x0000000008014604        0xc ./grbl/report.o
 .text.get_rate_value_mm
                0x0000000008014610        0xc ./grbl/report.o
 .text.get_rate_value_inch
                0x000000000801461c       0x18 ./grbl/report.o
 .text.print_alarm
                0x0000000008014634       0x90 ./grbl/report.o
 .text.print_error
                0x00000000080146c4       0x90 ./grbl/report.o
 .text.report_pin
                0x0000000008014754       0x9c ./grbl/report.o
 .text.print_uito2a
                0x00000000080147f0       0x34 ./grbl/report.o
 .text.get_axis_values_mm
                0x0000000008014824       0x70 ./grbl/report.o
 .text.get_axis_values_inches
                0x0000000008014894       0xa4 ./grbl/report.o
 .text.get_axis_value_mm
                0x0000000008014938       0x18 ./grbl/report.o
 .text.get_axis_value_inches
                0x0000000008014950       0x24 ./grbl/report.o
 .text.map_coord_system
                0x0000000008014974       0x44 ./grbl/report.o
 .text.appendbuf
                0x00000000080149b8       0x38 ./grbl/report.o
 .text.report_setting
                0x00000000080149f0       0x58 ./grbl/report.o
 .text.report_bitfield
                0x0000000008014a48       0xd4 ./grbl/report.o
 .text.report_settings_detail
                0x0000000008014b1c      0x548 ./grbl/report.o
 .text.print_unsorted
                0x0000000008015064       0x32 ./grbl/report.o
 .text.print_sorted
                0x0000000008015096       0x20 ./grbl/report.o
 .text.cmp_setting_group_name
                0x00000000080150b6        0xc ./grbl/report.o
 *fill*         0x00000000080150c2        0x2 
 .text.print_settings_details
                0x00000000080150c4      0x144 ./grbl/report.o
 .text.report_group_settings
                0x0000000008015208       0x7c ./grbl/report.o
 .text.print_setting
                0x0000000008015284       0x44 ./grbl/report.o
 .text.report_status_message
                0x00000000080152c8       0x38 ./grbl/report.o
                0x00000000080152c8                report_status_message
 .text.print_setting_group
                0x0000000008015300       0x94 ./grbl/report.o
 .text.add_limits.isra.0
                0x0000000008015394       0x34 ./grbl/report.o
 .text.cmp_setting_group_id
                0x00000000080153c8        0xc ./grbl/report.o
 .text.report_init
                0x00000000080153d4       0x5c ./grbl/report.o
                0x00000000080153d4                report_init
 .text.report_init_fns
                0x0000000008015430       0x1c ./grbl/report.o
                0x0000000008015430                report_init_fns
 .text.report_alarm_message
                0x000000000801544c       0x34 ./grbl/report.o
                0x000000000801544c                report_alarm_message
 .text.report_message
                0x0000000008015480       0x54 ./grbl/report.o
                0x0000000008015480                report_message
 .text.report_init_message
                0x00000000080154d4       0x24 ./grbl/report.o
                0x00000000080154d4                report_init_message
 .text.report_grbl_help
                0x00000000080154f8       0x14 ./grbl/report.o
                0x00000000080154f8                report_grbl_help
 .text.report_grbl_setting
                0x000000000801550c       0x28 ./grbl/report.o
                0x000000000801550c                report_grbl_setting
 .text.report_grbl_settings
                0x0000000008015534      0x10c ./grbl/report.o
                0x0000000008015534                report_grbl_settings
 .text.report_probe_parameters
                0x0000000008015640       0x68 ./grbl/report.o
                0x0000000008015640                report_probe_parameters
 .text.report_home_position
                0x00000000080156a8       0x58 ./grbl/report.o
                0x00000000080156a8                report_home_position
 .text.report_tool_offsets
                0x0000000008015700       0x3c ./grbl/report.o
                0x0000000008015700                report_tool_offsets
 .text.report_ngc_parameter
                0x000000000801573c       0x64 ./grbl/report.o
                0x000000000801573c                report_ngc_parameter
 .text.report_named_ngc_parameter
                0x00000000080157a0       0x60 ./grbl/report.o
                0x00000000080157a0                report_named_ngc_parameter
 .text.report_ngc_parameters
                0x0000000008015800      0x16c ./grbl/report.o
                0x0000000008015800                report_ngc_parameters
 .text.report_gcode_modes
                0x000000000801596c      0x358 ./grbl/report.o
                0x000000000801596c                report_gcode_modes
 .text.report_startup_line
                0x0000000008015cc4       0x40 ./grbl/report.o
                0x0000000008015cc4                report_startup_line
 .text.report_execute_startup_message
                0x0000000008015d04       0x3c ./grbl/report.o
                0x0000000008015d04                report_execute_startup_message
 .text.report_build_info
                0x0000000008015d40      0x4e0 ./grbl/report.o
                0x0000000008015d40                report_build_info
 .text.report_realtime_status
                0x0000000008016220      0x8f0 ./grbl/report.o
                0x0000000008016220                report_realtime_status
 .text.report_settings_details
                0x0000000008016b10       0x36 ./grbl/report.o
                0x0000000008016b10                report_settings_details
 *fill*         0x0000000008016b46        0x2 
 .text.report_setting_description
                0x0000000008016b48       0xa8 ./grbl/report.o
                0x0000000008016b48                report_setting_description
 .text.report_alarm_details
                0x0000000008016bf0       0xb0 ./grbl/report.o
                0x0000000008016bf0                report_alarm_details
 .text.report_error_details
                0x0000000008016ca0       0xb0 ./grbl/report.o
                0x0000000008016ca0                report_error_details
 .text.report_setting_group_details
                0x0000000008016d50       0xa8 ./grbl/report.o
                0x0000000008016d50                report_setting_group_details
 .text.report_help
                0x0000000008016df8       0xcc ./grbl/report.o
                0x0000000008016df8                report_help
 .text.report_last_signals_event
                0x0000000008016ec4       0x50 ./grbl/report.o
                0x0000000008016ec4                report_last_signals_event
 .text.report_current_limit_state
                0x0000000008016f14       0x44 ./grbl/report.o
                0x0000000008016f14                report_current_limit_state
 .text.report_spindle_data
                0x0000000008016f58       0xa0 ./grbl/report.o
                0x0000000008016f58                report_spindle_data
 .text.report_pins
                0x0000000008016ff8       0x20 ./grbl/report.o
                0x0000000008016ff8                report_pins
 .text.report_time
                0x0000000008017018       0x80 ./grbl/report.o
                0x0000000008017018                report_time
 .text.report_pid_log
                0x0000000008017098        0xc ./grbl/report.o
                0x0000000008017098                report_pid_log
 .text.set_probe_invert
                0x00000000080170a4       0x34 ./grbl/settings.o
 .text.set_ganged_dir_invert
                0x00000000080170d8       0x28 ./grbl/settings.o
 .text.set_stepper_deenergize_mask
                0x0000000008017100       0x20 ./grbl/settings.o
 .text.set_report_mask
                0x0000000008017120       0x10 ./grbl/settings.o
 .text.set_control_invert
                0x0000000008017130       0x1c ./grbl/settings.o
 .text.set_pwm_mode
                0x000000000801714c       0x1c ./grbl/settings.o
 .text.set_control_disable_pullup
                0x0000000008017168       0x1c ./grbl/settings.o
 .text.set_probe_disable_pullup
                0x0000000008017184       0x2c ./grbl/settings.o
 .text.set_soft_limits_enable
                0x00000000080171b0       0x2c ./grbl/settings.o
 .text.set_hard_limits_enable
                0x00000000080171dc       0x30 ./grbl/settings.o
 .text.set_jog_soft_limited
                0x000000000801720c       0x2c ./grbl/settings.o
 .text.set_enable_legacy_rt_commands
                0x0000000008017238       0x1c ./grbl/settings.o
 .text.set_parking_enable
                0x0000000008017254       0x1c ./grbl/settings.o
 .text.set_restore_overrides
                0x0000000008017270       0x1c ./grbl/settings.o
 .text.set_sleep_enable
                0x000000000801728c       0x1c ./grbl/settings.o
 .text.set_hold_actions
                0x00000000080172a8       0x28 ./grbl/settings.o
 .text.set_g92_disable_persistence
                0x00000000080172d0       0x1c ./grbl/settings.o
 .text.set_force_initialization_alarm
                0x00000000080172ec       0x1c ./grbl/settings.o
 .text.set_probe_allow_feed_override
                0x0000000008017308       0x1c ./grbl/settings.o
 .text.set_tool_change_probing_distance
                0x0000000008017324       0x20 ./grbl/settings.o
 .text.set_tool_restore_pos
                0x0000000008017344       0x30 ./grbl/settings.o
 .text.set_rotational_axes
                0x0000000008017374       0x14 ./grbl/settings.o
 .text.get_int  0x0000000008017388      0x1e4 ./grbl/settings.o
 .text.is_available
                0x000000000801756c       0x12 ./grbl/settings.o
 *fill*         0x000000000801757e        0x2 
 .text.set_spindle_type
                0x0000000008017580       0x3c ./grbl/settings.o
 .text.set_tool_change_mode
                0x00000000080175bc       0x34 ./grbl/settings.o
 .text.set_homing_cycle
                0x00000000080175f0       0x18 ./grbl/settings.o
 .text.set_mode
                0x0000000008017608       0x8c ./grbl/settings.o
 .text.set_report_inches
                0x0000000008017694       0x28 ./grbl/settings.o
 .text.get_decimal_places
                0x00000000080176bc       0x24 ./grbl/settings.o
 .text.set_axis_setting_unit
                0x00000000080176e0       0x70 ./grbl/settings.o
 .text.validate_value
                0x0000000008017750       0x84 ./grbl/settings.o
 .text.set_pwm_options
                0x00000000080177d4       0x40 ./grbl/settings.o
 .text.set_homing_enable
                0x0000000008017814       0x54 ./grbl/settings.o
 .text.normalize_id
                0x0000000008017868       0x3a ./grbl/settings.o
 *fill*         0x00000000080178a2        0x2 
 .text.is_setting_available
                0x00000000080178a4      0x180 ./grbl/settings.o
 .text.settings_write_global
                0x0000000008017a24       0x58 ./grbl/settings.o
                0x0000000008017a24                settings_write_global
 .text.set_spindle_invert
                0x0000000008017a7c       0x30 ./grbl/settings.o
 .text.strnumentries.constprop.0
                0x0000000008017aac       0x20 ./grbl/settings.o
 .text.settings_get_details
                0x0000000008017acc        0x8 ./grbl/settings.o
                0x0000000008017acc                settings_get_details
 .text.settings_get_axis_base
                0x0000000008017ad4       0x18 ./grbl/settings.o
                0x0000000008017ad4                settings_get_axis_base
 .text.get_float
                0x0000000008017aec       0xa8 ./grbl/settings.o
 .text.set_axis_setting
                0x0000000008017b94      0x23c ./grbl/settings.o
 .text.setting_get_value
                0x0000000008017dd0       0xc8 ./grbl/settings.o
                0x0000000008017dd0                setting_get_value
 .text.settings_write_build_info
                0x0000000008017e98       0x2c ./grbl/settings.o
                0x0000000008017e98                settings_write_build_info
 .text.settings_read_build_info
                0x0000000008017ec4       0x34 ./grbl/settings.o
                0x0000000008017ec4                settings_read_build_info
 .text.settings_write_startup_line
                0x0000000008017ef8       0x48 ./grbl/settings.o
                0x0000000008017ef8                settings_write_startup_line
 .text.settings_read_startup_line
                0x0000000008017f40       0x60 ./grbl/settings.o
                0x0000000008017f40                settings_read_startup_line
 .text.settings_write_coord_data
                0x0000000008017fa0       0x48 ./grbl/settings.o
                0x0000000008017fa0                settings_write_coord_data
 .text.settings_read_coord_data
                0x0000000008017fe8       0x64 ./grbl/settings.o
                0x0000000008017fe8                settings_read_coord_data
 .text.read_global_settings
                0x000000000801804c       0x94 ./grbl/settings.o
                0x000000000801804c                read_global_settings
 .text.settings_restore
                0x00000000080180e0       0xf0 ./grbl/settings.o
                0x00000000080180e0                settings_restore
 .text.settings_is_group_available
                0x00000000080181d0       0xbc ./grbl/settings.o
                0x00000000080181d0                settings_is_group_available
 .text.is_group_available
                0x000000000801828c        0x6 ./grbl/settings.o
 .text.settings_normalize_group
                0x0000000008018292        0xc ./grbl/settings.o
                0x0000000008018292                settings_normalize_group
 *fill*         0x000000000801829e        0x2 
 .text.settings_iterator
                0x00000000080182a0       0xc4 ./grbl/settings.o
                0x00000000080182a0                settings_iterator
 .text.setting_get_details
                0x0000000008018364       0x90 ./grbl/settings.o
                0x0000000008018364                setting_get_details
 .text.setting_remove_element
                0x00000000080183f4       0x5c ./grbl/settings.o
 .text.setting_get_description
                0x0000000008018450       0x6c ./grbl/settings.o
                0x0000000008018450                setting_get_description
 .text.setting_datatype_to_external
                0x00000000080184bc        0xc ./grbl/settings.o
                0x00000000080184bc                setting_datatype_to_external
 .text.setting_is_list
                0x00000000080184c8        0xe ./grbl/settings.o
                0x00000000080184c8                setting_is_list
 *fill*         0x00000000080184d6        0x2 
 .text.setting_remove_elements
                0x00000000080184d8       0x58 ./grbl/settings.o
                0x00000000080184d8                setting_remove_elements
 .text.setting_validate_me
                0x0000000008018530      0x108 ./grbl/settings.o
                0x0000000008018530                setting_validate_me
 .text.settings_store_setting
                0x0000000008018638      0x198 ./grbl/settings.o
                0x0000000008018638                settings_store_setting
 .text.settings_add_spindle_type
                0x00000000080187d0       0x44 ./grbl/settings.o
                0x00000000080187d0                settings_add_spindle_type
 .text.settings_clear
                0x0000000008018814       0x14 ./grbl/settings.o
                0x0000000008018814                settings_clear
 .text.settings_init
                0x0000000008018828       0xe8 ./grbl/settings.o
                0x0000000008018828                settings_init
 .text.fall_asleep
                0x0000000008018910        0xc ./grbl/sleep.o
 .text.sleep_execute
                0x000000000801891c       0x70 ./grbl/sleep.o
 .text.sleep_check
                0x000000000801898c       0x44 ./grbl/sleep.o
                0x000000000801898c                sleep_check
 .text.null_set_state
                0x00000000080189d0        0x2 ./grbl/spindle_control.o
 .text.null_get_state
                0x00000000080189d2        0x6 ./grbl/spindle_control.o
 .text.null_update_pwm
                0x00000000080189d8        0x2 ./grbl/spindle_control.o
 .text.null_get_pwm
                0x00000000080189da        0x4 ./grbl/spindle_control.o
 .text.null_update_rpm
                0x00000000080189de        0x2 ./grbl/spindle_control.o
 .text.spindle_register
                0x00000000080189e0       0x74 ./grbl/spindle_control.o
                0x00000000080189e0                spindle_register
 .text.spindle_get_caps
                0x0000000008018a54       0x28 ./grbl/spindle_control.o
                0x0000000008018a54                spindle_get_caps
 .text.spindle_update_caps
                0x0000000008018a7c       0x58 ./grbl/spindle_control.o
                0x0000000008018a7c                spindle_update_caps
 .text.spindle_add_null
                0x0000000008018ad4       0x10 ./grbl/spindle_control.o
                0x0000000008018ad4                spindle_add_null
 .text.spindle_select
                0x0000000008018ae4      0x100 ./grbl/spindle_control.o
                0x0000000008018ae4                spindle_select
 .text.spindle_get_count
                0x0000000008018be4       0x14 ./grbl/spindle_control.o
                0x0000000008018be4                spindle_get_count
 .text.spindle_set_rpm
                0x0000000008018bf8       0x68 ./grbl/spindle_control.o
                0x0000000008018bf8                spindle_set_rpm
 .text.set_state
                0x0000000008018c60       0x84 ./grbl/spindle_control.o
 .text.spindle_set_state
                0x0000000008018ce4       0x18 ./grbl/spindle_control.o
                0x0000000008018ce4                spindle_set_state
 .text.spindle_restore
                0x0000000008018cfc       0xb4 ./grbl/spindle_control.o
                0x0000000008018cfc                spindle_restore
 .text.spindle_sync
                0x0000000008018db0       0xe4 ./grbl/spindle_control.o
                0x0000000008018db0                spindle_sync
 .text.spindle_set_override
                0x0000000008018e94       0x80 ./grbl/spindle_control.o
                0x0000000008018e94                spindle_set_override
 .text.spindle_precompute_pwm_values
                0x0000000008018f14       0xe4 ./grbl/spindle_control.o
                0x0000000008018f14                spindle_precompute_pwm_values
 .text.spindle_compute_pwm_value
                0x0000000008018ff8       0x70 ./grbl/spindle_control.o
                0x0000000008018ff8                spindle_compute_pwm_value
 .text.state_noop
                0x0000000008019068        0x2 ./grbl/state_machine.o
 *fill*         0x000000000801906a        0x2 
 .text.restart_retract
                0x000000000801906c       0x5c ./grbl/state_machine.o
 .text.state_await_hold.part.0
                0x00000000080190c8      0x1c8 ./grbl/state_machine.o
 .text.state_await_hold
                0x0000000008019290        0xa ./grbl/state_machine.o
 *fill*         0x000000000801929a        0x2 
 .text.state_await_restart_retract
                0x000000000801929c       0x38 ./grbl/state_machine.o
 .text.state_await_waypoint_retract
                0x00000000080192d4       0xd4 ./grbl/state_machine.o
 .text.state_restore
                0x00000000080193a8      0x130 ./grbl/state_machine.o
 .text.initiate_hold