../FatFs/ff.c:589:14:ld_dword	0	static
../FatFs/ff.c:624:13:st_dword	0	static
../FatFs/ff.c:679:12:mem_cmp	8	static
../FatFs/ff.c:1132:14:clst2sect	0	static
../FatFs/ff.c:1851:13:st_clust	0	static
../FatFs/ff.c:2040:13:sum_sfn	0	static
../FatFs/ff.c:3111:12:get_ldnumber	0	static
../FatFs/ff.c:3453:16:validate	16	static
../FatFs/ff.c:2645:13:get_fileinfo	32	static
../FatFs/ff.c:654:13:mem_cpy.part.0	0	static
../FatFs/ff.c:1042:16:sync_window	24	static
../FatFs/ff.c:1064:16:move_window	16	static
../FatFs/ff.c:3185:13:check_fs	16	static
../FatFs/ff.c:3212:16:find_volume	40	static
../FatFs/ff.c:1226:16:put_fat	32	static
../FatFs/ff.c:1644:16:dir_clear	32	static
../FatFs/ff.c:1834:14:ld_clust.isra	0	static
../FatFs/ff.c:1149:14:get_fat.isra	24	static
../FatFs/ff.c:1416:16:remove_chain	24	static
../FatFs/ff.c:1511:14:create_chain	24	static
../FatFs/ff.c:1731:16:dir_next	32	static
../FatFs/ff.c:2334:16:dir_read.constprop	32	static
../FatFs/ff.c:1683:16:dir_sdi	24	static
../FatFs/ff.c:2599:16:dir_remove	24	static
../FatFs/ff.c:2412:16:dir_find	56	static
../FatFs/ff.c:1095:16:sync_fs	24	static
../FatFs/ff.c:2493:16:dir_register	72	static
../FatFs/ff.c:3024:16:follow_path	56	static
../FatFs/ff.c:3497:9:f_mount	24	static
../FatFs/ff.c:3545:9:f_open	96	static
../FatFs/ff.c:3735:9:f_read	64	static
../FatFs/ff.c:3835:9:f_write	56	static
../FatFs/ff.c:3956:9:f_sync	32	static
../FatFs/ff.c:4037:9:f_close	16	static
../FatFs/ff.c:4073:9:f_chdrive	16	static
../FatFs/ff.c:4090:9:f_chdir	80	static
../FatFs/ff.c:4152:9:f_getcwd	376	static
../FatFs/ff.c:4252:9:f_lseek	40	static
../FatFs/ff.c:4413:9:f_opendir	24	static
../FatFs/ff.c:4480:9:f_closedir	16	static
../FatFs/ff.c:4510:9:f_readdir	24	static
../FatFs/ff.c:4598:9:f_stat	72	static
../FatFs/ff.c:4633:9:f_getfree	48	static
../FatFs/ff.c:4722:9:f_truncate	24	static
../FatFs/ff.c:4772:9:f_unlink	136	static
../FatFs/ff.c:4866:9:f_mkdir	104	static
../FatFs/ff.c:4950:9:f_rename	160	static
../FatFs/ff.c:5060:9:f_chmod	80	static
../FatFs/ff.c:5107:9:f_utime	72	static
