../trinamic/tmc2130hal.c:49:27:getConfig	0	static
../trinamic/tmc2130hal.c:117:25:getIholdIrun	0	static
../trinamic/tmc2130hal.c:214:17:getTPWMThrsRaw	0	static
../trinamic/tmc2130hal.c:234:13:stealthChopGet	0	static
../trinamic/tmc2130hal.c:253:16:get_sg_stall_value	0	static
../trinamic/tmc2130hal.c:270:13:chopper_timing	16	static
../trinamic/tmc2130hal.c:258:13:coolconf	16	static
../trinamic/tmc2130hal.c:247:13:sg_stall_value	0	static
../trinamic/tmc2130hal.c:241:13:sg_filter	0	static
../trinamic/tmc2130hal.c:147:13:setTHighRaw	0	static
../trinamic/tmc2130hal.c:158:13:setTCoolThrsRaw	0	static
../trinamic/tmc2130hal.c:196:13:coolStepEnable	16	static
../trinamic/tmc2130hal.c:182:13:stealthChopEnable	16	static
../trinamic/tmc2130hal.c:224:13:stealthChop	0	static
../trinamic/tmc2130hal.c:281:16:pwm_scale	16	static
../trinamic/tmc2130hal.c:288:13:vsense	16	static
../trinamic/tmc2130hal.c:88:17:getStallGuardResult	16	static
../trinamic/tmc2130hal.c:128:17:getDriverStatusRaw	16	static
../trinamic/tmc2130hal.c:95:25:getDriverStatus	24	static
../trinamic/tmc2130hal.c:135:17:getTStep	16	static
../trinamic/tmc2130hal.c:74:23:getChopconf	16	static
../trinamic/tmc2130hal.c:219:13:setTPWMThrs	0	static
../trinamic/tmc2130hal.c:209:14:getTPWMThrs	0	static
../trinamic/tmc2130hal.c:153:13:setTCoolThrs	0	static
../trinamic/tmc2130hal.c:164:13:stallGuardEnable	32	static
../trinamic/tmc2130hal.c:142:13:setTHigh	0	static
../trinamic/tmc2130hal.c:69:17:getCurrent	0	static
../trinamic/tmc2130hal.c:64:13:setCurrent	0	static
../trinamic/tmc2130hal.c:59:13:setMicrosteps	0	static
../trinamic/tmc2130hal.c:54:13:isValidMicrosteps	0	static
../trinamic/tmc2130hal.c:333:17:TMC2130_AddMotor	32	static
