../trinamic/tmc2209hal.c:49:27:getConfig	0	static
../trinamic/tmc2209hal.c:119:25:getIholdIrun	0	static
../trinamic/tmc2209hal.c:202:17:getTPWMThrsRaw	0	static
../trinamic/tmc2209hal.c:222:13:stealthChopGet	0	static
../trinamic/tmc2209hal.c:229:13:sg_filter	0	static
../trinamic/tmc2209hal.c:241:16:get_sg_stall_value	0	static
../trinamic/tmc2209hal.c:258:13:chopper_timing	8	static
../trinamic/tmc2209hal.c:246:13:coolconf	8	static
../trinamic/tmc2209hal.c:235:13:sg_stall_value	0	static
../trinamic/tmc2209hal.c:149:13:setTCoolThrsRaw	0	static
../trinamic/tmc2209hal.c:184:13:coolStepEnable	16	static
../trinamic/tmc2209hal.c:171:13:stealthChopEnable	16	static
../trinamic/tmc2209hal.c:212:13:stealthChop	0	static
../trinamic/tmc2209hal.c:268:16:pwm_scale	16	static
../trinamic/tmc2209hal.c:275:13:vsense	16	static
../trinamic/tmc2209hal.c:89:17:getStallGuardResult	16	static
../trinamic/tmc2209hal.c:130:17:getDriverStatusRaw	16	static
../trinamic/tmc2209hal.c:96:25:getDriverStatus	24	static
../trinamic/tmc2209hal.c:137:17:getTStep	16	static
../trinamic/tmc2209hal.c:74:23:getChopconf	16	static
../trinamic/tmc2209hal.c:207:13:setTPWMThrs	0	static
../trinamic/tmc2209hal.c:197:14:getTPWMThrs	0	static
../trinamic/tmc2209hal.c:155:13:stallGuardEnable	32	static
../trinamic/tmc2209hal.c:144:13:setTCoolThrs	0	static
../trinamic/tmc2209hal.c:69:17:getCurrent	0	static
../trinamic/tmc2209hal.c:64:13:setCurrent	0	static
../trinamic/tmc2209hal.c:59:13:setMicrosteps	0	static
../trinamic/tmc2209hal.c:54:13:isValidMicrosteps	0	static
../trinamic/tmc2209hal.c:320:17:TMC2209_AddMotor	32	static
