../trinamic/tmc2209.c:106:13:_set_rms_current	0	static
../trinamic/tmc2209.c:240:13:calcCRC	20	static
../trinamic/tmc2209.c:122:6:TMC2209_SetDefaults	8	static
../trinamic/tmc2209.c:168:10:TMC2209_GetCurrent	0	static
../trinamic/tmc2209.c:185:7:TMC2209_GetTPWMTHRS	0	static
../trinamic/tmc2209.c:203:6:TMC2209_MicrostepsIsValid	0	static
../trinamic/tmc2209.c:270:6:TMC2209_WriteRegister	16	static
../trinamic/tmc2209.c:174:6:TMC2209_SetCurrent	8	static
../trinamic/tmc2209.c:190:6:TMC2209_SetTPWMTHRS	8	static
../trinamic/tmc2209.c:196:6:TMC2209_SetTCOOLTHRS	8	static
../trinamic/tmc2209.c:208:6:TMC2209_SetMicrosteps	8	static
../trinamic/tmc2209.c:216:6:TMC2209_SetConstantOffTimeChopper	4	static
../trinamic/tmc2209.c:292:6:TMC2209_ReadRegister	24	static
../trinamic/tmc2209.c:131:6:TMC2209_Init	24	static
../trinamic/tmc2209.c:319:21:TMC2209_GetRegPtr	0	static
