../trinamic/tmc2130.c:120:13:_set_rms_current	0	static
../trinamic/tmc2130.c:134:6:TMC2130_SetDefaults	8	static
../trinamic/tmc2130.c:170:10:TMC2130_GetCurrent	0	static
../trinamic/tmc2130.c:176:6:TMC2130_SetCurrent	8	static
../trinamic/tmc2130.c:143:6:TMC2130_Init	16	static
../trinamic/tmc2130.c:187:7:TMC2130_GetTPWMTHRS	0	static
../trinamic/tmc2130.c:192:6:TMC2130_SetTPWMTHRS	8	static
../trinamic/tmc2130.c:198:6:TMC2130_SetTHIGH	8	static
../trinamic/tmc2130.c:204:6:TMC2130_SetTCOOLTHRS	8	static
../trinamic/tmc2130.c:211:6:TMC2130_MicrostepsIsValid	0	static
../trinamic/tmc2130.c:216:6:TMC2130_SetMicrosteps	8	static
../trinamic/tmc2130.c:224:6:TMC2130_SetConstantOffTimeChopper	16	static
../trinamic/tmc2130.c:251:18:TMC2130_WriteRegister	8	static
../trinamic/tmc2130.c:260:18:TMC2130_ReadRegister	8	static
../trinamic/tmc2130.c:270:21:TMC2130_GetRegPtr	0	static
