../trinamic/tmc5160.c:123:13:_set_rms_current	12	static
../trinamic/tmc5160.c:150:6:TMC5160_SetDefaults	8	static
../trinamic/tmc5160.c:189:15:cs2rms	0	static
../trinamic/tmc5160.c:201:10:TMC5160_GetCurrent	8	static
../trinamic/tmc5160.c:207:6:TMC5160_SetCurrent	8	static
../trinamic/tmc5160.c:159:6:TMC5160_Init	16	static
../trinamic/tmc5160.c:218:7:TMC5160_GetTPWMTHRS	0	static
../trinamic/tmc5160.c:223:6:TMC5160_SetTPWMTHRS	8	static
../trinamic/tmc5160.c:229:6:TMC5160_SetTHIGH	8	static
../trinamic/tmc5160.c:235:6:TMC5160_SetTCOOLTHRS	8	static
../trinamic/tmc5160.c:242:6:TMC5160_MicrostepsIsValid	0	static
../trinamic/tmc5160.c:247:6:TMC5160_SetMicrosteps	8	static
../trinamic/tmc5160.c:255:6:TMC5160_SetConstantOffTimeChopper	12	static
../trinamic/tmc5160.c:281:18:TMC5160_WriteRegister	8	static
../trinamic/tmc5160.c:290:18:TMC5160_ReadRegister	8	static
../trinamic/tmc5160.c:300:21:TMC5160_GetRegPtr	0	static
