../trinamic/tmc5160hal.c:49:27:getConfig	0	static
../trinamic/tmc5160hal.c:119:25:getIholdIrun	0	static
../trinamic/tmc5160hal.c:217:17:getTPWMThrsRaw	0	static
../trinamic/tmc5160hal.c:227:16:getGlobalScaler	0	static
../trinamic/tmc5160hal.c:242:13:stealthChopGet	0	static
../trinamic/tmc5160hal.c:261:16:get_sg_stall_value	0	static
../trinamic/tmc5160hal.c:278:13:chopper_timing	16	static
../trinamic/tmc5160hal.c:266:13:coolconf	16	static
../trinamic/tmc5160hal.c:255:13:sg_stall_value	0	static
../trinamic/tmc5160hal.c:249:13:sg_filter	0	static
../trinamic/tmc5160hal.c:149:13:setTHighRaw	0	static
../trinamic/tmc5160hal.c:161:13:setTCoolThrsRaw	0	static
../trinamic/tmc5160hal.c:199:13:coolStepEnable	16	static
../trinamic/tmc5160hal.c:185:13:stealthChopEnable	16	static
../trinamic/tmc5160hal.c:232:13:stealthChop	0	static
../trinamic/tmc5160hal.c:289:16:pwm_scale	16	static
../trinamic/tmc5160hal.c:90:17:getStallGuardResult	16	static
../trinamic/tmc5160hal.c:130:17:getDriverStatusRaw	16	static
../trinamic/tmc5160hal.c:97:25:getDriverStatus	24	static
../trinamic/tmc5160hal.c:137:17:getTStep	16	static
../trinamic/tmc5160hal.c:74:23:getChopconf	16	static
../trinamic/tmc5160hal.c:222:13:setTPWMThrs	0	static
../trinamic/tmc5160hal.c:212:14:getTPWMThrs	0	static
../trinamic/tmc5160hal.c:156:13:setTCoolThrs	0	static
../trinamic/tmc5160hal.c:167:13:stallGuardEnable	32	static
../trinamic/tmc5160hal.c:144:13:setTHigh	0	static
../trinamic/tmc5160hal.c:69:17:getCurrent	0	static
../trinamic/tmc5160hal.c:64:13:setCurrent	0	static
../trinamic/tmc5160hal.c:59:13:setMicrosteps	0	static
../trinamic/tmc5160hal.c:54:13:isValidMicrosteps	0	static
../trinamic/tmc5160hal.c:333:17:TMC5160_AddMotor	32	static
