../bluetooth/hc_05.c:180:22:set_options	16	static
../bluetooth/hc_05.c:194:17:get_options	0	static
../bluetooth/hc_05.c:238:13:hc05_settings_save	4	static
../bluetooth/hc_05.c:199:13:is_setting_available	8	static
../bluetooth/hc_05.c:243:13:hc05_settings_restore	16	static
../bluetooth/hc_05.c:167:13:hc05_setup	16	static
../bluetooth/hc_05.c:275:13:warning_stream	0	static
../bluetooth/hc_05.c:270:13:warning_pin	0	static
../bluetooth/hc_05.c:280:13:hc05_settings_load	16	static
../bluetooth/hc_05.c:79:6:select_stream	8	static
../bluetooth/hc_05.c:74:13:connected	0	static
../bluetooth/hc_05.c:95:13:send_command	72	static
../bluetooth/hc_05.c:127:13:auto_config	144	static
../bluetooth/hc_05.c:301:13:report_options	8	static
../bluetooth/hc_05.c:66:13:on_connect	8	static
../bluetooth/hc_05.c:309:6:bluetooth_init	16	static
